Archive member included to satisfy reference by file (symbol)

c:/st/stm32cubeide_1.5.1/stm32cubeide/plugins/com.st.stm32cube.ide.mcu.externaltools.gnu-tools-for-stm32.7-2018-q2-update.win32_1.5.0.202011040924/tools/bin/../lib/gcc/arm-none-eabi/7.3.1/../../../../arm-none-eabi/lib/thumb/v6-m\libc_nano.a(lib_a-errno.o)
                              Core/Src/syscalls.o (__errno)
c:/st/stm32cubeide_1.5.1/stm32cubeide/plugins/com.st.stm32cube.ide.mcu.externaltools.gnu-tools-for-stm32.7-2018-q2-update.win32_1.5.0.202011040924/tools/bin/../lib/gcc/arm-none-eabi/7.3.1/../../../../arm-none-eabi/lib/thumb/v6-m\libc_nano.a(lib_a-exit.o)
                              c:/st/stm32cubeide_1.5.1/stm32cubeide/plugins/com.st.stm32cube.ide.mcu.externaltools.gnu-tools-for-stm32.7-2018-q2-update.win32_1.5.0.202011040924/tools/bin/../lib/gcc/arm-none-eabi/7.3.1/../../../../arm-none-eabi/lib/thumb/v6-m/crt0.o (exit)
c:/st/stm32cubeide_1.5.1/stm32cubeide/plugins/com.st.stm32cube.ide.mcu.externaltools.gnu-tools-for-stm32.7-2018-q2-update.win32_1.5.0.202011040924/tools/bin/../lib/gcc/arm-none-eabi/7.3.1/../../../../arm-none-eabi/lib/thumb/v6-m\libc_nano.a(lib_a-impure.o)
                              c:/st/stm32cubeide_1.5.1/stm32cubeide/plugins/com.st.stm32cube.ide.mcu.externaltools.gnu-tools-for-stm32.7-2018-q2-update.win32_1.5.0.202011040924/tools/bin/../lib/gcc/arm-none-eabi/7.3.1/../../../../arm-none-eabi/lib/thumb/v6-m\libc_nano.a(lib_a-exit.o) (_global_impure_ptr)
c:/st/stm32cubeide_1.5.1/stm32cubeide/plugins/com.st.stm32cube.ide.mcu.externaltools.gnu-tools-for-stm32.7-2018-q2-update.win32_1.5.0.202011040924/tools/bin/../lib/gcc/arm-none-eabi/7.3.1/../../../../arm-none-eabi/lib/thumb/v6-m\libc_nano.a(lib_a-init.o)
                              c:/st/stm32cubeide_1.5.1/stm32cubeide/plugins/com.st.stm32cube.ide.mcu.externaltools.gnu-tools-for-stm32.7-2018-q2-update.win32_1.5.0.202011040924/tools/bin/../lib/gcc/arm-none-eabi/7.3.1/../../../../arm-none-eabi/lib/thumb/v6-m/crt0.o (__libc_init_array)
c:/st/stm32cubeide_1.5.1/stm32cubeide/plugins/com.st.stm32cube.ide.mcu.externaltools.gnu-tools-for-stm32.7-2018-q2-update.win32_1.5.0.202011040924/tools/bin/../lib/gcc/arm-none-eabi/7.3.1/../../../../arm-none-eabi/lib/thumb/v6-m\libc_nano.a(lib_a-memset.o)
                              c:/st/stm32cubeide_1.5.1/stm32cubeide/plugins/com.st.stm32cube.ide.mcu.externaltools.gnu-tools-for-stm32.7-2018-q2-update.win32_1.5.0.202011040924/tools/bin/../lib/gcc/arm-none-eabi/7.3.1/../../../../arm-none-eabi/lib/thumb/v6-m/crt0.o (memset)
c:/st/stm32cubeide_1.5.1/stm32cubeide/plugins/com.st.stm32cube.ide.mcu.externaltools.gnu-tools-for-stm32.7-2018-q2-update.win32_1.5.0.202011040924/tools/bin/../lib/gcc/arm-none-eabi/7.3.1/thumb/v6-m\libgcc.a(_udivsi3.o)
                              Core/Src/clk_menu.o (__aeabi_uidiv)
c:/st/stm32cubeide_1.5.1/stm32cubeide/plugins/com.st.stm32cube.ide.mcu.externaltools.gnu-tools-for-stm32.7-2018-q2-update.win32_1.5.0.202011040924/tools/bin/../lib/gcc/arm-none-eabi/7.3.1/thumb/v6-m\libgcc.a(_divsi3.o)
                              Core/Src/ws_lib.o (__aeabi_idiv)
c:/st/stm32cubeide_1.5.1/stm32cubeide/plugins/com.st.stm32cube.ide.mcu.externaltools.gnu-tools-for-stm32.7-2018-q2-update.win32_1.5.0.202011040924/tools/bin/../lib/gcc/arm-none-eabi/7.3.1/thumb/v6-m\libgcc.a(_dvmd_tls.o)
                              c:/st/stm32cubeide_1.5.1/stm32cubeide/plugins/com.st.stm32cube.ide.mcu.externaltools.gnu-tools-for-stm32.7-2018-q2-update.win32_1.5.0.202011040924/tools/bin/../lib/gcc/arm-none-eabi/7.3.1/thumb/v6-m\libgcc.a(_udivsi3.o) (__aeabi_idiv0)

Allocating common symbols
Common symbol       size              file

led_dsp             0xc               Core/Src/clk_menu.o
day_t               0x1               Core/Src/clk_menu.o
year_u              0x1               Core/Src/clk_menu.o
minute_t            0x1               Core/Src/clk_menu.o
ADC_result          0x2               Core/Src/ws_lib.o
hour_u              0x1               Core/Src/clk_menu.o
al_enable_flag      0x1               Core/Src/clk_menu.o
std_brk_hour_t      0x1               Core/Src/clk_menu.o
al_hour_u           0x1               Core/Src/clk_menu.o
std_enable_flag     0x1               Core/Src/clk_menu.o
std_st_min_u        0x1               Core/Src/clk_menu.o
button_flag         0x3               Core/Src/clk_menu.o
day_u               0x1               Core/Src/clk_menu.o
minute_u            0x1               Core/Src/clk_menu.o
b_led               0x18              Core/Src/ws_lib.o
al_hour_t           0x1               Core/Src/clk_menu.o
std_brk_hour_u      0x1               Core/Src/clk_menu.o
b_colour            0x8               Core/Src/ws_lib.o
d_flag              0x1               Core/Src/clk_menu.o
al_min_t            0x1               Core/Src/clk_menu.o
std_st_min_t        0x1               Core/Src/clk_menu.o
std_brk_min_u       0x1               Core/Src/clk_menu.o
year_t              0x1               Core/Src/clk_menu.o
[...]
Memory Configuration

Name             Origin             Length             Attributes
RAM              0x0000000020000000 0x0000000000009000 xrw
FLASH            0x0000000008000000 0x0000000000020000 xr
*default*        0x0000000000000000 0xffffffffffffffff

Linker script and memory map

LOAD c:/st/stm32cubeide_1.5.1/stm32cubeide/plugins/com.st.stm32cube.ide.mcu.externaltools.gnu-tools-for-stm32.7-2018-q2-update.win32_1.5.0.202011040924/tools/bin/../lib/gcc/arm-none-eabi/7.3.1/thumb/v6-m/crti.o
LOAD c:/st/stm32cubeide_1.5.1/stm32cubeide/plugins/com.st.stm32cube.ide.mcu.externaltools.gnu-tools-for-stm32.7-2018-q2-update.win32_1.5.0.202011040924/tools/bin/../lib/gcc/arm-none-eabi/7.3.1/thumb/v6-m/crtbegin.o
LOAD c:/st/stm32cubeide_1.5.1/stm32cubeide/plugins/com.st.stm32cube.ide.mcu.externaltools.gnu-tools-for-stm32.7-2018-q2-update.win32_1.5.0.202011040924/tools/bin/../lib/gcc/arm-none-eabi/7.3.1/../../../../arm-none-eabi/lib/thumb/v6-m/crt0.o
LOAD Core/Src/clk_menu.o
LOAD Core/Src/clock.o
LOAD Core/Src/config.o
LOAD Core/Src/main.o
LOAD Core/Src/segment_dsp.o
LOAD Core/Src/syscalls.o
LOAD Core/Src/sysmem.o
LOAD Core/Src/system_stm32g0xx.o
LOAD Core/Src/ws_lib.o
LOAD Core/Startup/startup_stm32g071cbtx.o
START GROUP
LOAD c:/st/stm32cubeide_1.5.1/stm32cubeide/plugins/com.st.stm32cube.ide.mcu.externaltools.gnu-tools-for-stm32.7-2018-q2-update.win32_1.5.0.202011040924/tools/bin/../lib/gcc/arm-none-eabi/7.3.1/../../../../arm-none-eabi/lib/thumb/v6-m\libc_nano.a
LOAD c:/st/stm32cubeide_1.5.1/stm32cubeide/plugins/com.st.stm32cube.ide.mcu.externaltools.gnu-tools-for-stm32.7-2018-q2-update.win32_1.5.0.202011040924/tools/bin/../lib/gcc/arm-none-eabi/7.3.1/../../../../arm-none-eabi/lib/thumb/v6-m\libm.a
END GROUP
START GROUP
LOAD c:/st/stm32cubeide_1.5.1/stm32cubeide/plugins/com.st.stm32cube.ide.mcu.externaltools.gnu-tools-for-stm32.7-2018-q2-update.win32_1.5.0.202011040924/tools/bin/../lib/gcc/arm-none-eabi/7.3.1/thumb/v6-m\libgcc.a
LOAD c:/st/stm32cubeide_1.5.1/stm32cubeide/plugins/com.st.stm32cube.ide.mcu.externaltools.gnu-tools-for-stm32.7-2018-q2-update.win32_1.5.0.202011040924/tools/bin/../lib/gcc/arm-none-eabi/7.3.1/../../../../arm-none-eabi/lib/thumb/v6-m\libc_nano.a
END GROUP
START GROUP
LOAD c:/st/stm32cubeide_1.5.1/stm32cubeide/plugins/com.st.stm32cube.ide.mcu.externaltools.gnu-tools-for-stm32.7-2018-q2-update.win32_1.5.0.202011040924/tools/bin/../lib/gcc/arm-none-eabi/7.3.1/thumb/v6-m\libgcc.a
LOAD c:/st/stm32cubeide_1.5.1/stm32cubeide/plugins/com.st.stm32cube.ide.mcu.externaltools.gnu-tools-for-stm32.7-2018-q2-update.win32_1.5.0.202011040924/tools/bin/../lib/gcc/arm-none-eabi/7.3.1/../../../../arm-none-eabi/lib/thumb/v6-m\libc_nano.a
LOAD c:/st/stm32cubeide_1.5.1/stm32cubeide/plugins/com.st.stm32cube.ide.mcu.externaltools.gnu-tools-for-stm32.7-2018-q2-update.win32_1.5.0.202011040924/tools/bin/../lib/gcc/arm-none-eabi/7.3.1/../../../../arm-none-eabi/lib/thumb/v6-m\libnosys.a
END GROUP
START GROUP
LOAD c:/st/stm32cubeide_1.5.1/stm32cubeide/plugins/com.st.stm32cube.ide.mcu.externaltools.gnu-tools-for-stm32.7-2018-q2-update.win32_1.5.0.202011040924/tools/bin/../lib/gcc/arm-none-eabi/7.3.1/thumb/v6-m\libgcc.a
LOAD c:/st/stm32cubeide_1.5.1/stm32cubeide/plugins/com.st.stm32cube.ide.mcu.externaltools.gnu-tools-for-stm32.7-2018-q2-update.win32_1.5.0.202011040924/tools/bin/../lib/gcc/arm-none-eabi/7.3.1/../../../../arm-none-eabi/lib/thumb/v6-m\libc_nano.a
LOAD c:/st/stm32cubeide_1.5.1/stm32cubeide/plugins/com.st.stm32cube.ide.mcu.externaltools.gnu-tools-for-stm32.7-2018-q2-update.win32_1.5.0.202011040924/tools/bin/../lib/gcc/arm-none-eabi/7.3.1/../../../../arm-none-eabi/lib/thumb/v6-m\libnosys.a
END GROUP
LOAD c:/st/stm32cubeide_1.5.1/stm32cubeide/plugins/com.st.stm32cube.ide.mcu.externaltools.gnu-tools-for-stm32.7-2018-q2-update.win32_1.5.0.202011040924/tools/bin/../lib/gcc/arm-none-eabi/7.3.1/thumb/v6-m/crtend.o
LOAD c:/st/stm32cubeide_1.5.1/stm32cubeide/plugins/com.st.stm32cube.ide.mcu.externaltools.gnu-tools-for-stm32.7-2018-q2-update.win32_1.5.0.202011040924/tools/bin/../lib/gcc/arm-none-eabi/7.3.1/thumb/v6-m/crtn.o
                0x0000000020009000                _estack = (ORIGIN (RAM) + LENGTH (RAM))
                0x0000000000000200                _Min_Heap_Size = 0x200
                0x0000000000000400                _Min_Stack_Size = 0x400

.isr_vector     0x0000000008000000       0xbc
                0x0000000008000000                . = ALIGN (0x4)
 *(.isr_vector)
 .isr_vector    0x0000000008000000       0xbc Core/Startup/startup_stm32g071cbtx.o
                0x0000000008000000                g_pfnVectors
                0x00000000080000bc                . = ALIGN (0x4)

.text           0x00000000080000bc     0x32c0
                0x00000000080000bc                . = ALIGN (0x4)
 *(.text)
 .text          0x00000000080000bc       0x48 c:/st/stm32cubeide_1.5.1/stm32cubeide/plugins/com.st.stm32cube.ide.mcu.externaltools.gnu-tools-for-stm32.7-2018-q2-update.win32_1.5.0.202011040924/tools/bin/../lib/gcc/arm-none-eabi/7.3.1/thumb/v6-m/crtbegin.o
 .text          0x0000000008000104      0x114 c:/st/stm32cubeide_1.5.1/stm32cubeide/plugins/com.st.stm32cube.ide.mcu.externaltools.gnu-tools-for-stm32.7-2018-q2-update.win32_1.5.0.202011040924/tools/bin/../lib/gcc/arm-none-eabi/7.3.1/thumb/v6-m\libgcc.a(_udivsi3.o)
                0x0000000008000104                __aeabi_uidiv
                0x0000000008000104                __udivsi3
                0x0000000008000210                __aeabi_uidivmod
 .text          0x0000000008000218      0x1d4 c:/st/stm32cubeide_1.5.1/stm32cubeide/plugins/com.st.stm32cube.ide.mcu.externaltools.gnu-tools-for-stm32.7-2018-q2-update.win32_1.5.0.202011040924/tools/bin/../lib/gcc/arm-none-eabi/7.3.1/thumb/v6-m\libgcc.a(_divsi3.o)
                0x0000000008000218                __divsi3
                0x0000000008000218                __aeabi_idiv
                0x00000000080003e4                __aeabi_idivmod
 .text          0x00000000080003ec        0x4 c:/st/stm32cubeide_1.5.1/stm32cubeide/plugins/com.st.stm32cube.ide.mcu.externaltools.gnu-tools-for-stm32.7-2018-q2-update.win32_1.5.0.202011040924/tools/bin/../lib/gcc/arm-none-eabi/7.3.1/thumb/v6-m\libgcc.a(_dvmd_tls.o)
                0x00000000080003ec                __aeabi_idiv0
                0x00000000080003ec                __aeabi_ldiv0
 *(.text*)
 .text.menuInputService
                0x00000000080003f0      0x184 Core/Src/clk_menu.o
                0x00000000080003f0                menuInputService
 .text.menuBranchService
                0x0000000008000574      0x174 Core/Src/clk_menu.o
                0x0000000008000574                menuBranchService
 .text.selectAlarm
                0x00000000080006e8       0xc0 Core/Src/clk_menu.o
                0x00000000080006e8                selectAlarm
 .text.EnableAlarm
                0x00000000080007a8       0x44 Core/Src/clk_menu.o
                0x00000000080007a8                EnableAlarm
 .text.selectTime
                0x00000000080007ec      0x1fc Core/Src/clk_menu.o
                0x00000000080007ec                selectTime
 .text.displayMenu
                0x00000000080009e8       0x3c Core/Src/clk_menu.o
                0x00000000080009e8                displayMenu
 .text.displayConfig
                0x0000000008000a24      0x160 Core/Src/clk_menu.o
                0x0000000008000a24                displayConfig
 .text.displayAlarm
                0x0000000008000b84      0x174 Core/Src/clk_menu.o
                0x0000000008000b84                displayAlarm
 .text.displayStudy
                0x0000000008000cf8       0x10 Core/Src/clk_menu.o
                0x0000000008000cf8                displayStudy
 .text.decToBcd
                0x0000000008000d08       0x3c Core/Src/clk_menu.o
                0x0000000008000d08                decToBcd
 .text.setTime  0x0000000008000d44       0xd0 Core/Src/clock.o
                0x0000000008000d44                setTime
 .text.setDate  0x0000000008000e14      0x100 Core/Src/clock.o
                0x0000000008000e14                setDate
 .text.checkIfAlarm
                0x0000000008000f14      0x128 Core/Src/clock.o
                0x0000000008000f14                checkIfAlarm
 .text.checkIfStudy
                0x000000000800103c        0xa Core/Src/clock.o
                0x000000000800103c                checkIfStudy
 *fill*         0x0000000008001046        0x2 
 .text.TIM16_IRQHandler
                0x0000000008001048      0x128 Core/Src/clock.o
                0x0000000008001048                TIM16_IRQHandler
 .text.__NVIC_EnableIRQ
                0x0000000008001170       0x34 Core/Src/config.o
 .text.SystemCFG
                0x00000000080011a4      0x4b0 Core/Src/config.o
                0x00000000080011a4                SystemCFG
 .text.delay_ms
                0x0000000008001654       0x40 Core/Src/config.o
                0x0000000008001654                delay_ms
 .text.buzz     0x0000000008001694       0x40 Core/Src/config.o
                0x0000000008001694                buzz
 .text.TIM14_IRQHandler
                0x00000000080016d4       0x48 Core/Src/config.o
                0x00000000080016d4                TIM14_IRQHandler
 .text.EXTI4_15_IRQHandler
                0x000000000800171c       0x74 Core/Src/config.o
                0x000000000800171c                EXTI4_15_IRQHandler
 .text.main     0x0000000008001790      0x234 Core/Src/main.o
                0x0000000008001790                main
 .text.DisplayNumberSet
                0x00000000080019c4       0x92 Core/Src/segment_dsp.o
                0x00000000080019c4                DisplayNumberSet
 .text.DisplayLEDStr
                0x0000000008001a56       0x4e Core/Src/segment_dsp.o
                0x0000000008001a56                DisplayLEDStr
 .text.ScrollLed
                0x0000000008001aa4      0x244 Core/Src/segment_dsp.o
                0x0000000008001aa4                ScrollLed
 .text.displayChar
                0x0000000008001ce8      0x404 Core/Src/segment_dsp.o
                0x0000000008001ce8                displayChar
 .text.setDigit
                0x00000000080020ec      0x124 Core/Src/segment_dsp.o
                0x00000000080020ec                setDigit
 .text.LEDClr   0x0000000008002210       0x3a Core/Src/segment_dsp.o
                0x0000000008002210                LEDClr
 *fill*         0x000000000800224a        0x2 
 .text.TIM15_IRQHandler
                0x000000000800224c       0xd8 Core/Src/segment_dsp.o
                0x000000000800224c                TIM15_IRQHandler
 .text.SystemInit
                0x0000000008002324       0x18 Core/Src/system_stm32g0xx.o
                0x0000000008002324                SystemInit
 .text.FillLEDNumber
                0x000000000800233c      0x4d4 Core/Src/ws_lib.o
                0x000000000800233c                FillLEDNumber
 .text.FillLEDArray
                0x0000000008002810       0xdc Core/Src/ws_lib.o
                0x0000000008002810                FillLEDArray
 .text.FillLEDSegment
                0x00000000080028ec       0xec Core/Src/ws_lib.o
                0x00000000080028ec                FillLEDSegment
 .text.getBaseLed
                0x00000000080029d8      0x118 Core/Src/ws_lib.o
                0x00000000080029d8                getBaseLed
 .text.getBaseColour
                0x0000000008002af0       0x74 Core/Src/ws_lib.o
                0x0000000008002af0                getBaseColour
 .text.SPI_SEND_WSBUF
                0x0000000008002b64       0x50 Core/Src/ws_lib.o
                0x0000000008002b64                SPI_SEND_WSBUF
 .text.SpiLed_Send
                0x0000000008002bb4       0x2c Core/Src/ws_lib.o
                0x0000000008002bb4                SpiLed_Send
 .text.assignColour
                0x0000000008002be0      0x310 Core/Src/ws_lib.o
                0x0000000008002be0                assignColour
 .text.ADCCompress
                0x0000000008002ef0      0x120 Core/Src/ws_lib.o
                0x0000000008002ef0                ADCCompress
 .text.loveyou  0x0000000008003010      0x128 Core/Src/ws_lib.o
                0x0000000008003010                loveyou
 .text.welcomeStrip
                0x0000000008003138      0x140 Core/Src/ws_lib.o
                0x0000000008003138                welcomeStrip
 .text.ADC1_COMP_IRQHandler
                0x0000000008003278       0x40 Core/Src/ws_lib.o
                0x0000000008003278                ADC1_COMP_IRQHandler
 .text.Reset_Handler
                0x00000000080032b8       0x50 Core/Startup/startup_stm32g071cbtx.o
                0x00000000080032b8                Reset_Handler
 .text.Default_Handler
                0x0000000008003308        0x2 Core/Startup/startup_stm32g071cbtx.o
                0x0000000008003308                USART3_4_LPUART1_IRQHandler
                0x0000000008003308                TIM1_CC_IRQHandler
                0x0000000008003308                HardFault_Handler
                0x0000000008003308                SysTick_Handler
                0x0000000008003308                PVD_IRQHandler
                0x0000000008003308                PendSV_Handler
                0x0000000008003308                NMI_Handler
                0x0000000008003308                I2C1_IRQHandler
                0x0000000008003308                TIM7_LPTIM2_IRQHandler
                0x0000000008003308                RTC_TAMP_IRQHandler
                0x0000000008003308                SPI1_IRQHandler
                0x0000000008003308                EXTI2_3_IRQHandler
                0x0000000008003308                I2C2_IRQHandler
                0x0000000008003308                TIM17_IRQHandler
                0x0000000008003308                TIM3_IRQHandler
                0x0000000008003308                RCC_IRQHandler
                0x0000000008003308                DMA1_Channel1_IRQHandler
                0x0000000008003308                Default_Handler
                0x0000000008003308                CEC_IRQHandler
                0x0000000008003308                EXTI0_1_IRQHandler
                0x0000000008003308                SPI2_IRQHandler
                0x0000000008003308                SVC_Handler
                0x0000000008003308                TIM6_DAC_LPTIM1_IRQHandler
                0x0000000008003308                WWDG_IRQHandler
                0x0000000008003308                TIM2_IRQHandler
                0x0000000008003308                DMA1_Ch4_7_DMAMUX1_OVR_IRQHandler
                0x0000000008003308                DMA1_Channel2_3_IRQHandler
                0x0000000008003308                UCPD1_2_IRQHandler
                0x0000000008003308                USART2_IRQHandler
                0x0000000008003308                FLASH_IRQHandler
                0x0000000008003308                USART1_IRQHandler
                0x0000000008003308                TIM1_BRK_UP_TRG_COM_IRQHandler
 *fill*         0x000000000800330a        0x2 
 .text.__libc_init_array
                0x000000000800330c       0x48 c:/st/stm32cubeide_1.5.1/stm32cubeide/plugins/com.st.stm32cube.ide.mcu.externaltools.gnu-tools-for-stm32.7-2018-q2-update.win32_1.5.0.202011040924/tools/bin/../lib/gcc/arm-none-eabi/7.3.1/../../../../arm-none-eabi/lib/thumb/v6-m\libc_nano.a(lib_a-init.o)
                0x000000000800330c                __libc_init_array
 .text.memset   0x0000000008003354       0x10 c:/st/stm32cubeide_1.5.1/stm32cubeide/plugins/com.st.stm32cube.ide.mcu.externaltools.gnu-tools-for-stm32.7-2018-q2-update.win32_1.5.0.202011040924/tools/bin/../lib/gcc/arm-none-eabi/7.3.1/../../../../arm-none-eabi/lib/thumb/v6-m\libc_nano.a(lib_a-memset.o)
                0x0000000008003354                memset
 *(.glue_7)
 .glue_7        0x0000000008003364        0x0 linker stubs
 *(.glue_7t)
 .glue_7t       0x0000000008003364        0x0 linker stubs
 *(.eh_frame)
 .eh_frame      0x0000000008003364        0x0 c:/st/stm32cubeide_1.5.1/stm32cubeide/plugins/com.st.stm32cube.ide.mcu.externaltools.gnu-tools-for-stm32.7-2018-q2-update.win32_1.5.0.202011040924/tools/bin/../lib/gcc/arm-none-eabi/7.3.1/thumb/v6-m/crtbegin.o
 *(.init)
 .init          0x0000000008003364        0x4 c:/st/stm32cubeide_1.5.1/stm32cubeide/plugins/com.st.stm32cube.ide.mcu.externaltools.gnu-tools-for-stm32.7-2018-q2-update.win32_1.5.0.202011040924/tools/bin/../lib/gcc/arm-none-eabi/7.3.1/thumb/v6-m/crti.o
                0x0000000008003364                _init
 .init          0x0000000008003368        0x8 c:/st/stm32cubeide_1.5.1/stm32cubeide/plugins/com.st.stm32cube.ide.mcu.externaltools.gnu-tools-for-stm32.7-2018-q2-update.win32_1.5.0.202011040924/tools/bin/../lib/gcc/arm-none-eabi/7.3.1/thumb/v6-m/crtn.o
 *(.fini)
 .fini          0x0000000008003370        0x4 c:/st/stm32cubeide_1.5.1/stm32cubeide/plugins/com.st.stm32cube.ide.mcu.externaltools.gnu-tools-for-stm32.7-2018-q2-update.win32_1.5.0.202011040924/tools/bin/../lib/gcc/arm-none-eabi/7.3.1/thumb/v6-m/crti.o
                0x0000000008003370                _fini
 .fini          0x0000000008003374        0x8 c:/st/stm32cubeide_1.5.1/stm32cubeide/plugins/com.st.stm32cube.ide.mcu.externaltools.gnu-tools-for-stm32.7-2018-q2-update.win32_1.5.0.202011040924/tools/bin/../lib/gcc/arm-none-eabi/7.3.1/thumb/v6-m/crtn.o
                0x000000000800337c                . = ALIGN (0x4)
                0x000000000800337c                _etext = .

.vfp11_veneer   0x000000000800337c        0x0
 .vfp11_veneer  0x000000000800337c        0x0 linker stubs

.v4_bx          0x000000000800337c        0x0
 .v4_bx         0x000000000800337c        0x0 linker stubs

.iplt           0x000000000800337c        0x0
 .iplt          0x000000000800337c        0x0 c:/st/stm32cubeide_1.5.1/stm32cubeide/plugins/com.st.stm32cube.ide.mcu.externaltools.gnu-tools-for-stm32.7-2018-q2-update.win32_1.5.0.202011040924/tools/bin/../lib/gcc/arm-none-eabi/7.3.1/thumb/v6-m/crtbegin.o

.rodata         0x000000000800337c       0xc0
                0x000000000800337c                . = ALIGN (0x4)
 *(.rodata)
 .rodata        0x000000000800337c       0x47 Core/Src/clk_menu.o
 *fill*         0x00000000080033c3        0x1 
 .rodata        0x00000000080033c4        0x6 Core/Src/clock.o
 *fill*         0x00000000080033ca        0x2 
 .rodata        0x00000000080033cc        0xd Core/Src/main.o
 *fill*         0x00000000080033d9        0x3 
 .rodata        0x00000000080033dc       0x1d Core/Src/ws_lib.o
 *(.rodata*)
 *fill*         0x00000000080033f9        0x3 
 .rodata.setDigit
                0x00000000080033fc       0x18 Core/Src/segment_dsp.o
 .rodata.FillLEDNumber
                0x0000000008003414       0x28 Core/Src/ws_lib.o
                0x000000000800343c                . = ALIGN (0x4)

.rel.dyn        0x000000000800343c        0x0
 .rel.iplt      0x000000000800343c        0x0 c:/st/stm32cubeide_1.5.1/stm32cubeide/plugins/com.st.stm32cube.ide.mcu.externaltools.gnu-tools-for-stm32.7-2018-q2-update.win32_1.5.0.202011040924/tools/bin/../lib/gcc/arm-none-eabi/7.3.1/thumb/v6-m/crtbegin.o

.ARM.extab      0x000000000800343c        0x0
                0x000000000800343c                . = ALIGN (0x4)
 *(.ARM.extab* .gnu.linkonce.armextab.*)
                0x000000000800343c                . = ALIGN (0x4)

.ARM            0x000000000800343c        0x0
                0x000000000800343c                . = ALIGN (0x4)
                0x000000000800343c                __exidx_start = .
 *(.ARM.exidx*)
                0x000000000800343c                __exidx_end = .
                0x000000000800343c                . = ALIGN (0x4)

.preinit_array  0x000000000800343c        0x0
                0x000000000800343c                . = ALIGN (0x4)
                0x000000000800343c                PROVIDE (__preinit_array_start = .)
 *(.preinit_array*)
                0x000000000800343c                PROVIDE (__preinit_array_end = .)
                0x000000000800343c                . = ALIGN (0x4)

.init_array     0x000000000800343c        0x4
                0x000000000800343c                . = ALIGN (0x4)
                0x000000000800343c                PROVIDE (__init_array_start = .)
 *(SORT_BY_NAME(.init_array.*))
 *(.init_array*)
 .init_array    0x000000000800343c        0x4 c:/st/stm32cubeide_1.5.1/stm32cubeide/plugins/com.st.stm32cube.ide.mcu.externaltools.gnu-tools-for-stm32.7-2018-q2-update.win32_1.5.0.202011040924/tools/bin/../lib/gcc/arm-none-eabi/7.3.1/thumb/v6-m/crtbegin.o
                0x0000000008003440                PROVIDE (__init_array_end = .)
                0x0000000008003440                . = ALIGN (0x4)

.fini_array     0x0000000008003440        0x4
                0x0000000008003440                . = ALIGN (0x4)
                [!provide]                        PROVIDE (__fini_array_start = .)
 *(SORT_BY_NAME(.fini_array.*))
 *(.fini_array*)
 .fini_array    0x0000000008003440        0x4 c:/st/stm32cubeide_1.5.1/stm32cubeide/plugins/com.st.stm32cube.ide.mcu.externaltools.gnu-tools-for-stm32.7-2018-q2-update.win32_1.5.0.202011040924/tools/bin/../lib/gcc/arm-none-eabi/7.3.1/thumb/v6-m/crtbegin.o
                [!provide]                        PROVIDE (__fini_array_end = .)
                0x0000000008003444                . = ALIGN (0x4)
                0x0000000008003444                _sidata = LOADADDR (.data)

.data           0x0000000020000000       0x28 load address 0x0000000008003444
                0x0000000020000000                . = ALIGN (0x4)
                0x0000000020000000                _sdata = .
 *(.data)
 *(.data*)
 .data.main_options
                0x0000000020000000       0x10 Core/Src/clk_menu.o
                0x0000000020000000                main_options
 .data.config_options
                0x0000000020000010        0x8 Core/Src/clk_menu.o
                0x0000000020000010                config_options
 .data.alarm_options
                0x0000000020000018        0xc Core/Src/clk_menu.o
                0x0000000020000018                alarm_options
 .data.brg_div  0x0000000020000024        0x1 Core/Src/ws_lib.o
                0x0000000020000024                brg_div
                0x0000000020000028                . = ALIGN (0x4)
 *fill*         0x0000000020000025        0x3 
                0x0000000020000028                _edata = .

.igot.plt       0x0000000020000028        0x0 load address 0x000000000800346c
 .igot.plt      0x0000000020000028        0x0 c:/st/stm32cubeide_1.5.1/stm32cubeide/plugins/com.st.stm32cube.ide.mcu.externaltools.gnu-tools-for-stm32.7-2018-q2-update.win32_1.5.0.202011040924/tools/bin/../lib/gcc/arm-none-eabi/7.3.1/thumb/v6-m/crtbegin.o
                0x0000000020000028                . = ALIGN (0x4)

.bss            0x0000000020000028      0x594 load address 0x000000000800346c
                0x0000000020000028                _sbss = .
                0x0000000020000028                __bss_start__ = _sbss
 *(.bss)
 .bss           0x0000000020000028       0x1c c:/st/stm32cubeide_1.5.1/stm32cubeide/plugins/com.st.stm32cube.ide.mcu.externaltools.gnu-tools-for-stm32.7-2018-q2-update.win32_1.5.0.202011040924/tools/bin/../lib/gcc/arm-none-eabi/7.3.1/thumb/v6-m/crtbegin.o
 *(.bss*)
 .bss.dot_enable
                0x0000000020000044        0x6 Core/Src/segment_dsp.o
                0x0000000020000044                dot_enable
 .bss.pos.6172  0x000000002000004a        0x1 Core/Src/segment_dsp.o
 *(COMMON)
 *fill*         0x000000002000004b        0x1 
 COMMON         0x000000002000004c      0x54c Core/Src/clk_menu.o
                0x000000002000004c                led_dsp
                0x0000000020000058                day_t
                0x0000000020000059                year_u
                0x000000002000005a                minute_t
                0x000000002000005b                hour_u
                0x000000002000005c                al_enable_flag
                0x000000002000005d                std_brk_hour_t
                0x000000002000005e                al_hour_u
                0x000000002000005f                std_enable_flag
                0x0000000020000060                std_st_min_u
                0x0000000020000064                button_flag
                0x0000000020000067                day_u
                0x0000000020000068                minute_u
                0x0000000020000069                al_hour_t
                0x000000002000006a                std_brk_hour_u
                0x000000002000006b                d_flag
                0x000000002000006c                al_min_t
                0x000000002000006d                std_st_min_t
                0x000000002000006e                std_brk_min_u
                0x000000002000006f                year_t
                0x0000000020000070                month_u
                0x0000000020000071                al_min_u
                0x0000000020000072                std_st_hour_u
                0x0000000020000074                LED_buf
                0x0000000020000584                std_st_hour_t
                0x0000000020000585                hour_t
                0x0000000020000586                month_t
                0x0000000020000587                std_brk_min_t
                0x0000000020000588                menu_strct
 COMMON         0x0000000020000598       0x24 Core/Src/ws_lib.o
                0x0000000020000598                ADC_result
                0x000000002000059c                b_led
                0x00000000200005b4                b_colour
                0x00000000200005bc                . = ALIGN (0x4)
                0x00000000200005bc                _ebss = .
                0x00000000200005bc                __bss_end__ = _ebss

._user_heap_stack
                0x00000000200005bc      0x604 load address 0x000000000800346c
                0x00000000200005c0                . = ALIGN (0x8)
 *fill*         0x00000000200005bc        0x4 
                0x00000000200005c0                PROVIDE (end = .)
                [!provide]                        PROVIDE (_end = .)
                0x00000000200007c0                . = (. + _Min_Heap_Size)
 *fill*         0x00000000200005c0      0x200 
                0x0000000020000bc0                . = (. + _Min_Stack_Size)
 *fill*         0x00000000200007c0      0x400 
                0x0000000020000bc0                . = ALIGN (0x8)

/DISCARD/
 libc.a(*)
 libm.a(*)
 libgcc.a(*)

.ARM.attributes
                0x0000000000000000       0x28
 *(.ARM.attributes)
 .ARM.attributes
                0x0000000000000000       0x1e c:/st/stm32cubeide_1.5.1/stm32cubeide/plugins/com.st.stm32cube.ide.mcu.externaltools.gnu-tools-for-stm32.7-2018-q2-update.win32_1.5.0.202011040924/tools/bin/../lib/gcc/arm-none-eabi/7.3.1/thumb/v6-m/crti.o
 .ARM.attributes
                0x000000000000001e       0x2c c:/st/stm32cubeide_1.5.1/stm32cubeide/plugins/com.st.stm32cube.ide.mcu.externaltools.gnu-tools-for-stm32.7-2018-q2-update.win32_1.5.0.202011040924/tools/bin/../lib/gcc/arm-none-eabi/7.3.1/thumb/v6-m/crtbegin.o
 .ARM.attributes
                0x000000000000004a       0x32 Core/Src/clk_menu.o
 .ARM.attributes
                0x000000000000007c       0x32 Core/Src/clock.o
 .ARM.attributes
                0x00000000000000ae       0x32 Core/Src/config.o
 .ARM.attributes
                0x00000000000000e0       0x32 Core/Src/main.o
 .ARM.attributes
                0x0000000000000112       0x32 Core/Src/segment_dsp.o
 .ARM.attributes
                0x0000000000000144       0x32 Core/Src/system_stm32g0xx.o
 .ARM.attributes
                0x0000000000000176       0x32 Core/Src/ws_lib.o
 .ARM.attributes
                0x00000000000001a8       0x21 Core/Startup/startup_stm32g071cbtx.o
 .ARM.attributes
                0x00000000000001c9       0x2c c:/st/stm32cubeide_1.5.1/stm32cubeide/plugins/com.st.stm32cube.ide.mcu.externaltools.gnu-tools-for-stm32.7-2018-q2-update.win32_1.5.0.202011040924/tools/bin/../lib/gcc/arm-none-eabi/7.3.1/../../../../arm-none-eabi/lib/thumb/v6-m\libc_nano.a(lib_a-init.o)
 .ARM.attributes
                0x00000000000001f5       0x2c c:/st/stm32cubeide_1.5.1/stm32cubeide/plugins/com.st.stm32cube.ide.mcu.externaltools.gnu-tools-for-stm32.7-2018-q2-update.win32_1.5.0.202011040924/tools/bin/../lib/gcc/arm-none-eabi/7.3.1/../../../../arm-none-eabi/lib/thumb/v6-m\libc_nano.a(lib_a-memset.o)
 .ARM.attributes
                0x0000000000000221       0x1e c:/st/stm32cubeide_1.5.1/stm32cubeide/plugins/com.st.stm32cube.ide.mcu.externaltools.gnu-tools-for-stm32.7-2018-q2-update.win32_1.5.0.202011040924/tools/bin/../lib/gcc/arm-none-eabi/7.3.1/thumb/v6-m\libgcc.a(_udivsi3.o)
 .ARM.attributes
                0x000000000000023f       0x1e c:/st/stm32cubeide_1.5.1/stm32cubeide/plugins/com.st.stm32cube.ide.mcu.externaltools.gnu-tools-for-stm32.7-2018-q2-update.win32_1.5.0.202011040924/tools/bin/../lib/gcc/arm-none-eabi/7.3.1/thumb/v6-m\libgcc.a(_divsi3.o)
 .ARM.attributes
                0x000000000000025d       0x1e c:/st/stm32cubeide_1.5.1/stm32cubeide/plugins/com.st.stm32cube.ide.mcu.externaltools.gnu-tools-for-stm32.7-2018-q2-update.win32_1.5.0.202011040924/tools/bin/../lib/gcc/arm-none-eabi/7.3.1/thumb/v6-m\libgcc.a(_dvmd_tls.o)
 .ARM.attributes
                0x000000000000027b       0x1e c:/st/stm32cubeide_1.5.1/stm32cubeide/plugins/com.st.stm32cube.ide.mcu.externaltools.gnu-tools-for-stm32.7-2018-q2-update.win32_1.5.0.202011040924/tools/bin/../lib/gcc/arm-none-eabi/7.3.1/thumb/v6-m/crtn.o
OUTPUT(CelClock_2021.elf elf32-littlearm)

.debug_info     0x0000000000000000     0x69ab
 .debug_info    0x0000000000000000     0x1041 Core/Src/clk_menu.o
 .debug_info    0x0000000000001041     0x1075 Core/Src/clock.o
 .debug_info    0x00000000000020b6     0x16fe Core/Src/config.o
 .debug_info    0x00000000000037b4      0xe0d Core/Src/main.o
 .debug_info    0x00000000000045c1      0xfcd Core/Src/segment_dsp.o
 .debug_info    0x000000000000558e      0x37c Core/Src/system_stm32g0xx.o
 .debug_info    0x000000000000590a     0x107f Core/Src/ws_lib.o
 .debug_info    0x0000000000006989       0x22 Core/Startup/startup_stm32g071cbtx.o

.debug_abbrev   0x0000000000000000      0xedf
 .debug_abbrev  0x0000000000000000      0x280 Core/Src/clk_menu.o
 .debug_abbrev  0x0000000000000280      0x224 Core/Src/clock.o
 .debug_abbrev  0x00000000000004a4      0x276 Core/Src/config.o
 .debug_abbrev  0x000000000000071a      0x1d8 Core/Src/main.o
 .debug_abbrev  0x00000000000008f2      0x25e Core/Src/segment_dsp.o
 .debug_abbrev  0x0000000000000b50      0x100 Core/Src/system_stm32g0xx.o
 .debug_abbrev  0x0000000000000c50      0x27d Core/Src/ws_lib.o
 .debug_abbrev  0x0000000000000ecd       0x12 Core/Startup/startup_stm32g071cbtx.o

.debug_aranges  0x0000000000000000      0x228
 .debug_aranges
                0x0000000000000000       0x68 Core/Src/clk_menu.o
 .debug_aranges
                0x0000000000000068       0x40 Core/Src/clock.o
 .debug_aranges
                0x00000000000000a8       0x48 Core/Src/config.o
 .debug_aranges
                0x00000000000000f0       0x20 Core/Src/main.o
 .debug_aranges
                0x0000000000000110       0x50 Core/Src/segment_dsp.o
 .debug_aranges
                0x0000000000000160       0x28 Core/Src/system_stm32g0xx.o
 .debug_aranges
                0x0000000000000188       0x78 Core/Src/ws_lib.o
 .debug_aranges
                0x0000000000000200       0x28 Core/Startup/startup_stm32g071cbtx.o

.debug_ranges   0x0000000000000000      0x1b0
 .debug_ranges  0x0000000000000000       0x58 Core/Src/clk_menu.o
 .debug_ranges  0x0000000000000058       0x30 Core/Src/clock.o
 .debug_ranges  0x0000000000000088       0x38 Core/Src/config.o
 .debug_ranges  0x00000000000000c0       0x10 Core/Src/main.o
 .debug_ranges  0x00000000000000d0       0x40 Core/Src/segment_dsp.o
 .debug_ranges  0x0000000000000110       0x18 Core/Src/system_stm32g0xx.o
 .debug_ranges  0x0000000000000128       0x68 Core/Src/ws_lib.o
 .debug_ranges  0x0000000000000190       0x20 Core/Startup/startup_stm32g071cbtx.o

.debug_macro    0x0000000000000000     0xfd9c
 .debug_macro   0x0000000000000000      0x26f Core/Src/clk_menu.o
 .debug_macro   0x000000000000026f      0xa48 Core/Src/clk_menu.o
 .debug_macro   0x0000000000000cb7       0x22 Core/Src/clk_menu.o
 .debug_macro   0x0000000000000cd9       0x40 Core/Src/clk_menu.o
 .debug_macro   0x0000000000000d19       0x18 Core/Src/clk_menu.o
 .debug_macro   0x0000000000000d31       0x94 Core/Src/clk_menu.o
 .debug_macro   0x0000000000000dc5       0x3c Core/Src/clk_menu.o
 .debug_macro   0x0000000000000e01       0x34 Core/Src/clk_menu.o
 .debug_macro   0x0000000000000e35       0x16 Core/Src/clk_menu.o
 .debug_macro   0x0000000000000e4b       0x57 Core/Src/clk_menu.o
 .debug_macro   0x0000000000000ea2       0x97 Core/Src/clk_menu.o
 .debug_macro   0x0000000000000f39      0x330 Core/Src/clk_menu.o
 .debug_macro   0x0000000000001269       0xfd Core/Src/clk_menu.o
 .debug_macro   0x0000000000001366       0x10 Core/Src/clk_menu.o
 .debug_macro   0x0000000000001376       0x52 Core/Src/clk_menu.o
 .debug_macro   0x00000000000013c8       0x1f Core/Src/clk_menu.o
 .debug_macro   0x00000000000013e7       0x43 Core/Src/clk_menu.o
 .debug_macro   0x000000000000142a       0x20 Core/Src/clk_menu.o
 .debug_macro   0x000000000000144a      0x1a3 Core/Src/clk_menu.o
 .debug_macro   0x00000000000015ed       0x10 Core/Src/clk_menu.o
 .debug_macro   0x00000000000015fd       0x6a Core/Src/clk_menu.o
 .debug_macro   0x0000000000001667       0x1c Core/Src/clk_menu.o
 .debug_macro   0x0000000000001683       0x52 Core/Src/clk_menu.o
 .debug_macro   0x00000000000016d5       0x40 Core/Src/clk_menu.o
 .debug_macro   0x0000000000001715       0x10 Core/Src/clk_menu.o
 .debug_macro   0x0000000000001725       0x40 Core/Src/clk_menu.o
 .debug_macro   0x0000000000001765       0xd7 Core/Src/clk_menu.o
 .debug_macro   0x000000000000183c       0x1c Core/Src/clk_menu.o
 .debug_macro   0x0000000000001858       0x3d Core/Src/clk_menu.o
 .debug_macro   0x0000000000001895       0x16 Core/Src/clk_menu.o
 .debug_macro   0x00000000000018ab      0x145 Core/Src/clk_menu.o
 .debug_macro   0x00000000000019f0       0x16 Core/Src/clk_menu.o
 .debug_macro   0x0000000000001a06       0x35 Core/Src/clk_menu.o
 .debug_macro   0x0000000000001a3b       0x20 Core/Src/clk_menu.o
 .debug_macro   0x0000000000001a5b       0x28 Core/Src/clk_menu.o
 .debug_macro   0x0000000000001a83       0xef Core/Src/clk_menu.o
 .debug_macro   0x0000000000001b72      0x1df Core/Src/clk_menu.o
 .debug_macro   0x0000000000001d51       0x1c Core/Src/clk_menu.o
 .debug_macro   0x0000000000001d6d       0x22 Core/Src/clk_menu.o
 .debug_macro   0x0000000000001d8f       0xaf Core/Src/clk_menu.o
 .debug_macro   0x0000000000001e3e      0x4da Core/Src/clk_menu.o
 .debug_macro   0x0000000000002318      0x11f Core/Src/clk_menu.o
 .debug_macro   0x0000000000002437     0xc54d Core/Src/clk_menu.o
 .debug_macro   0x000000000000e984       0x28 Core/Src/clk_menu.o
 .debug_macro   0x000000000000e9ac       0x76 Core/Src/clk_menu.o
 .debug_macro   0x000000000000ea22       0x1c Core/Src/clk_menu.o
 .debug_macro   0x000000000000ea3e      0x289 Core/Src/clock.o
 .debug_macro   0x000000000000ecc7       0x70 Core/Src/clock.o
 .debug_macro   0x000000000000ed37      0x26f Core/Src/config.o
 .debug_macro   0x000000000000efa6       0x22 Core/Src/config.o
 .debug_macro   0x000000000000efc8      0x28b Core/Src/main.o
 .debug_macro   0x000000000000f253       0x8e Core/Src/main.o
 .debug_macro   0x000000000000f2e1       0x51 Core/Src/main.o
 .debug_macro   0x000000000000f332       0xb5 Core/Src/main.o
 .debug_macro   0x000000000000f3e7       0x46 Core/Src/main.o
 .debug_macro   0x000000000000f42d      0x32a Core/Src/main.o
 .debug_macro   0x000000000000f757      0x295 Core/Src/segment_dsp.o
 .debug_macro   0x000000000000f9ec       0xe1 Core/Src/system_stm32g0xx.o
 .debug_macro   0x000000000000facd       0x2e Core/Src/system_stm32g0xx.o
 .debug_macro   0x000000000000fafb       0x3c Core/Src/system_stm32g0xx.o
 .debug_macro   0x000000000000fb37      0x265 Core/Src/ws_lib.o

.debug_line     0x0000000000000000     0x36e3
 .debug_line    0x0000000000000000      0x88f Core/Src/clk_menu.o
 .debug_line    0x000000000000088f      0x78c Core/Src/clock.o
 .debug_line    0x000000000000101b      0x7a3 Core/Src/config.o
 .debug_line    0x00000000000017be      0x6cf Core/Src/main.o
 .debug_line    0x0000000000001e8d      0x8f3 Core/Src/segment_dsp.o
 .debug_line    0x0000000000002780      0x48b Core/Src/system_stm32g0xx.o
 .debug_line    0x0000000000002c0b      0xa4f Core/Src/ws_lib.o
 .debug_line    0x000000000000365a       0x89 Core/Startup/startup_stm32g071cbtx.o

.debug_str      0x0000000000000000    0x536a0
 .debug_str     0x0000000000000000    0x52933 Core/Src/clk_menu.o
                                      0x52bda (size before relaxing)
 .debug_str     0x0000000000052933      0x16a Core/Src/clock.o
                                      0x52b32 (size before relaxing)
 .debug_str     0x0000000000052a9d      0x480 Core/Src/config.o
                                      0x52e16 (size before relaxing)
 .debug_str     0x0000000000052f1d       0x49 Core/Src/main.o
                                      0x52a43 (size before relaxing)
 .debug_str     0x0000000000052f66      0x255 Core/Src/segment_dsp.o
                                      0x529da (size before relaxing)
 .debug_str     0x00000000000531bb      0x3ac Core/Src/system_stm32g0xx.o
                                      0x4e634 (size before relaxing)
 .debug_str     0x0000000000053567      0x103 Core/Src/ws_lib.o
                                      0x529ff (size before relaxing)
 .debug_str     0x000000000005366a       0x36 Core/Startup/startup_stm32g071cbtx.o
                                         0x75 (size before relaxing)

.comment        0x0000000000000000       0x7b
 .comment       0x0000000000000000       0x7b Core/Src/clk_menu.o
                                         0x7c (size before relaxing)
 .comment       0x000000000000007b       0x7c Core/Src/clock.o
 .comment       0x000000000000007b       0x7c Core/Src/config.o
 .comment       0x000000000000007b       0x7c Core/Src/main.o
 .comment       0x000000000000007b       0x7c Core/Src/segment_dsp.o
 .comment       0x000000000000007b       0x7c Core/Src/system_stm32g0xx.o
 .comment       0x000000000000007b       0x7c Core/Src/ws_lib.o

.debug_frame    0x0000000000000000      0x658
 .debug_frame   0x0000000000000000      0x150 Core/Src/clk_menu.o
 .debug_frame   0x0000000000000150       0xac Core/Src/clock.o
 .debug_frame   0x00000000000001fc       0xc8 Core/Src/config.o
 .debug_frame   0x00000000000002c4       0x34 Core/Src/main.o
 .debug_frame   0x00000000000002f8       0xf0 Core/Src/segment_dsp.o
 .debug_frame   0x00000000000003e8       0x4c Core/Src/system_stm32g0xx.o
 .debug_frame   0x0000000000000434      0x198 Core/Src/ws_lib.o
 .debug_frame   0x00000000000005cc       0x2c c:/st/stm32cubeide_1.5.1/stm32cubeide/plugins/com.st.stm32cube.ide.mcu.externaltools.gnu-tools-for-stm32.7-2018-q2-update.win32_1.5.0.202011040924/tools/bin/../lib/gcc/arm-none-eabi/7.3.1/../../../../arm-none-eabi/lib/thumb/v6-m\libc_nano.a(lib_a-init.o)
 .debug_frame   0x00000000000005f8       0x20 c:/st/stm32cubeide_1.5.1/stm32cubeide/plugins/com.st.stm32cube.ide.mcu.externaltools.gnu-tools-for-stm32.7-2018-q2-update.win32_1.5.0.202011040924/tools/bin/../lib/gcc/arm-none-eabi/7.3.1/../../../../arm-none-eabi/lib/thumb/v6-m\libc_nano.a(lib_a-memset.o)
 .debug_frame   0x0000000000000618       0x20 c:/st/stm32cubeide_1.5.1/stm32cubeide/plugins/com.st.stm32cube.ide.mcu.externaltools.gnu-tools-for-stm32.7-2018-q2-update.win32_1.5.0.202011040924/tools/bin/../lib/gcc/arm-none-eabi/7.3.1/thumb/v6-m\libgcc.a(_udivsi3.o)
 .debug_frame   0x0000000000000638       0x20 c:/st/stm32cubeide_1.5.1/stm32cubeide/plugins/com.st.stm32cube.ide.mcu.externaltools.gnu-tools-for-stm32.7-2018-q2-update.win32_1.5.0.202011040924/tools/bin/../lib/gcc/arm-none-eabi/7.3.1/thumb/v6-m\libgcc.a(_divsi3.o)
