Archive member included to satisfy reference by file (symbol)

c:/st/stm32cubeide_1.3.0/stm32cubeide/plugins/com.st.stm32cube.ide.mcu.externaltools.gnu-tools-for-stm32.7-2018-q2-update.win32_1.5.0.202011040924/tools/bin/../lib/gcc/arm-none-eabi/7.3.1/../../../../arm-none-eabi/lib/thumb/v6-m\libc_nano.a(lib_a-errno.o)
                              Core/Src/syscalls.o (__errno)
c:/st/stm32cubeide_1.3.0/stm32cubeide/plugins/com.st.stm32cube.ide.mcu.externaltools.gnu-tools-for-stm32.7-2018-q2-update.win32_1.5.0.202011040924/tools/bin/../lib/gcc/arm-none-eabi/7.3.1/../../../../arm-none-eabi/lib/thumb/v6-m\libc_nano.a(lib_a-exit.o)
                              c:/st/stm32cubeide_1.3.0/stm32cubeide/plugins/com.st.stm32cube.ide.mcu.externaltools.gnu-tools-for-stm32.7-2018-q2-update.win32_1.5.0.202011040924/tools/bin/../lib/gcc/arm-none-eabi/7.3.1/../../../../arm-none-eabi/lib/thumb/v6-m/crt0.o (exit)
c:/st/stm32cubeide_1.3.0/stm32cubeide/plugins/com.st.stm32cube.ide.mcu.externaltools.gnu-tools-for-stm32.7-2018-q2-update.win32_1.5.0.202011040924/tools/bin/../lib/gcc/arm-none-eabi/7.3.1/../../../../arm-none-eabi/lib/thumb/v6-m\libc_nano.a(lib_a-impure.o)
                              c:/st/stm32cubeide_1.3.0/stm32cubeide/plugins/com.st.stm32cube.ide.mcu.externaltools.gnu-tools-for-stm32.7-2018-q2-update.win32_1.5.0.202011040924/tools/bin/../lib/gcc/arm-none-eabi/7.3.1/../../../../arm-none-eabi/lib/thumb/v6-m\libc_nano.a(lib_a-exit.o) (_global_impure_ptr)
c:/st/stm32cubeide_1.3.0/stm32cubeide/plugins/com.st.stm32cube.ide.mcu.externaltools.gnu-tools-for-stm32.7-2018-q2-update.win32_1.5.0.202011040924/tools/bin/../lib/gcc/arm-none-eabi/7.3.1/../../../../arm-none-eabi/lib/thumb/v6-m\libc_nano.a(lib_a-init.o)
                              c:/st/stm32cubeide_1.3.0/stm32cubeide/plugins/com.st.stm32cube.ide.mcu.externaltools.gnu-tools-for-stm32.7-2018-q2-update.win32_1.5.0.202011040924/tools/bin/../lib/gcc/arm-none-eabi/7.3.1/../../../../arm-none-eabi/lib/thumb/v6-m/crt0.o (__libc_init_array)
c:/st/stm32cubeide_1.3.0/stm32cubeide/plugins/com.st.stm32cube.ide.mcu.externaltools.gnu-tools-for-stm32.7-2018-q2-update.win32_1.5.0.202011040924/tools/bin/../lib/gcc/arm-none-eabi/7.3.1/../../../../arm-none-eabi/lib/thumb/v6-m\libc_nano.a(lib_a-memset.o)
                              c:/st/stm32cubeide_1.3.0/stm32cubeide/plugins/com.st.stm32cube.ide.mcu.externaltools.gnu-tools-for-stm32.7-2018-q2-update.win32_1.5.0.202011040924/tools/bin/../lib/gcc/arm-none-eabi/7.3.1/../../../../arm-none-eabi/lib/thumb/v6-m/crt0.o (memset)
c:/st/stm32cubeide_1.3.0/stm32cubeide/plugins/com.st.stm32cube.ide.mcu.externaltools.gnu-tools-for-stm32.7-2018-q2-update.win32_1.5.0.202011040924/tools/bin/../lib/gcc/arm-none-eabi/7.3.1/thumb/v6-m\libgcc.a(_udivsi3.o)
                              Core/Src/clk_menu.o (__aeabi_uidiv)
c:/st/stm32cubeide_1.3.0/stm32cubeide/plugins/com.st.stm32cube.ide.mcu.externaltools.gnu-tools-for-stm32.7-2018-q2-update.win32_1.5.0.202011040924/tools/bin/../lib/gcc/arm-none-eabi/7.3.1/thumb/v6-m\libgcc.a(_divsi3.o)
                              Core/Src/ws_lib.o (__aeabi_idiv)
c:/st/stm32cubeide_1.3.0/stm32cubeide/plugins/com.st.stm32cube.ide.mcu.externaltools.gnu-tools-for-stm32.7-2018-q2-update.win32_1.5.0.202011040924/tools/bin/../lib/gcc/arm-none-eabi/7.3.1/thumb/v6-m\libgcc.a(_dvmd_tls.o)
                              c:/st/stm32cubeide_1.3.0/stm32cubeide/plugins/com.st.stm32cube.ide.mcu.externaltools.gnu-tools-for-stm32.7-2018-q2-update.win32_1.5.0.202011040924/tools/bin/../lib/gcc/arm-none-eabi/7.3.1/thumb/v6-m\libgcc.a(_udivsi3.o) (__aeabi_idiv0)

Allocating common symbols
Common symbol       size              file

led_dsp             0xc               Core/Src/clk_menu.o
day_t               0x1               Core/Src/clk_menu.o
year_u              0x1               Core/Src/clk_menu.o
minute_t            0x1               Core/Src/clk_menu.o
ADC_result          0x2               Core/Src/ws_lib.o
hour_u              0x1               Core/Src/clk_menu.o
button_flag         0x3               Core/Src/clk_menu.o
day_u               0x1               Core/Src/clk_menu.o
minute_u            0x1               Core/Src/clk_menu.o
b_led               0x18              Core/Src/ws_lib.o
b_colour            0x8               Core/Src/ws_lib.o
d_flag              0x1               Core/Src/clk_menu.o
year_t              0x1               Core/Src/clk_menu.o
month_u             0x1               Core/Src/clk_menu.o
LED_buf             0x510             Core/Src/clk_menu.o
hour_t              0x1               Core/Src/clk_menu.o
month_t             0x1               Core/Src/clk_menu.o

Discarded input sections

 .text          0x0000000000000000        0x0 c:/st/stm32cubeide_1.3.0/stm32cubeide/plugins/com.st.stm32cube.ide.mcu.externaltools.gnu-tools-for-stm32.7-2018-q2-update.win32_1.5.0.202011040924/tools/bin/../lib/gcc/arm-none-eabi/7.3.1/thumb/v6-m/crti.o
[...]
Memory Configuration

Name             Origin             Length             Attributes
RAM              0x0000000020000000 0x0000000000009000 xrw
FLASH            0x0000000008000000 0x0000000000020000 xr
*default*        0x0000000000000000 0xffffffffffffffff

Linker script and memory map

LOAD c:/st/stm32cubeide_1.3.0/stm32cubeide/plugins/com.st.stm32cube.ide.mcu.externaltools.gnu-tools-for-stm32.7-2018-q2-update.win32_1.5.0.202011040924/tools/bin/../lib/gcc/arm-none-eabi/7.3.1/thumb/v6-m/crti.o
LOAD c:/st/stm32cubeide_1.3.0/stm32cubeide/plugins/com.st.stm32cube.ide.mcu.externaltools.gnu-tools-for-stm32.7-2018-q2-update.win32_1.5.0.202011040924/tools/bin/../lib/gcc/arm-none-eabi/7.3.1/thumb/v6-m/crtbegin.o
LOAD c:/st/stm32cubeide_1.3.0/stm32cubeide/plugins/com.st.stm32cube.ide.mcu.externaltools.gnu-tools-for-stm32.7-2018-q2-update.win32_1.5.0.202011040924/tools/bin/../lib/gcc/arm-none-eabi/7.3.1/../../../../arm-none-eabi/lib/thumb/v6-m/crt0.o
LOAD Core/Src/clk_menu.o
LOAD Core/Src/clock.o
LOAD Core/Src/config.o
LOAD Core/Src/main.o
LOAD Core/Src/segment_dsp.o
LOAD Core/Src/syscalls.o
LOAD Core/Src/sysmem.o
LOAD Core/Src/system_stm32g0xx.o
LOAD Core/Src/ws_lib.o
LOAD Core/Startup/startup_stm32g071cbtx.o
START GROUP
LOAD c:/st/stm32cubeide_1.3.0/stm32cubeide/plugins/com.st.stm32cube.ide.mcu.externaltools.gnu-tools-for-stm32.7-2018-q2-update.win32_1.5.0.202011040924/tools/bin/../lib/gcc/arm-none-eabi/7.3.1/../../../../arm-none-eabi/lib/thumb/v6-m\libc_nano.a
LOAD c:/st/stm32cubeide_1.3.0/stm32cubeide/plugins/com.st.stm32cube.ide.mcu.externaltools.gnu-tools-for-stm32.7-2018-q2-update.win32_1.5.0.202011040924/tools/bin/../lib/gcc/arm-none-eabi/7.3.1/../../../../arm-none-eabi/lib/thumb/v6-m\libm.a
END GROUP
START GROUP
LOAD c:/st/stm32cubeide_1.3.0/stm32cubeide/plugins/com.st.stm32cube.ide.mcu.externaltools.gnu-tools-for-stm32.7-2018-q2-update.win32_1.5.0.202011040924/tools/bin/../lib/gcc/arm-none-eabi/7.3.1/thumb/v6-m\libgcc.a
LOAD c:/st/stm32cubeide_1.3.0/stm32cubeide/plugins/com.st.stm32cube.ide.mcu.externaltools.gnu-tools-for-stm32.7-2018-q2-update.win32_1.5.0.202011040924/tools/bin/../lib/gcc/arm-none-eabi/7.3.1/../../../../arm-none-eabi/lib/thumb/v6-m\libc_nano.a
END GROUP
START GROUP
LOAD c:/st/stm32cubeide_1.3.0/stm32cubeide/plugins/com.st.stm32cube.ide.mcu.externaltools.gnu-tools-for-stm32.7-2018-q2-update.win32_1.5.0.202011040924/tools/bin/../lib/gcc/arm-none-eabi/7.3.1/thumb/v6-m\libgcc.a
LOAD c:/st/stm32cubeide_1.3.0/stm32cubeide/plugins/com.st.stm32cube.ide.mcu.externaltools.gnu-tools-for-stm32.7-2018-q2-update.win32_1.5.0.202011040924/tools/bin/../lib/gcc/arm-none-eabi/7.3.1/../../../../arm-none-eabi/lib/thumb/v6-m\libc_nano.a
LOAD c:/st/stm32cubeide_1.3.0/stm32cubeide/plugins/com.st.stm32cube.ide.mcu.externaltools.gnu-tools-for-stm32.7-2018-q2-update.win32_1.5.0.202011040924/tools/bin/../lib/gcc/arm-none-eabi/7.3.1/../../../../arm-none-eabi/lib/thumb/v6-m\libnosys.a
END GROUP
START GROUP
LOAD c:/st/stm32cubeide_1.3.0/stm32cubeide/plugins/com.st.stm32cube.ide.mcu.externaltools.gnu-tools-for-stm32.7-2018-q2-update.win32_1.5.0.202011040924/tools/bin/../lib/gcc/arm-none-eabi/7.3.1/thumb/v6-m\libgcc.a
LOAD c:/st/stm32cubeide_1.3.0/stm32cubeide/plugins/com.st.stm32cube.ide.mcu.externaltools.gnu-tools-for-stm32.7-2018-q2-update.win32_1.5.0.202011040924/tools/bin/../lib/gcc/arm-none-eabi/7.3.1/../../../../arm-none-eabi/lib/thumb/v6-m\libc_nano.a
LOAD c:/st/stm32cubeide_1.3.0/stm32cubeide/plugins/com.st.stm32cube.ide.mcu.externaltools.gnu-tools-for-stm32.7-2018-q2-update.win32_1.5.0.202011040924/tools/bin/../lib/gcc/arm-none-eabi/7.3.1/../../../../arm-none-eabi/lib/thumb/v6-m\libnosys.a
END GROUP
LOAD c:/st/stm32cubeide_1.3.0/stm32cubeide/plugins/com.st.stm32cube.ide.mcu.externaltools.gnu-tools-for-stm32.7-2018-q2-update.win32_1.5.0.202011040924/tools/bin/../lib/gcc/arm-none-eabi/7.3.1/thumb/v6-m/crtend.o
LOAD c:/st/stm32cubeide_1.3.0/stm32cubeide/plugins/com.st.stm32cube.ide.mcu.externaltools.gnu-tools-for-stm32.7-2018-q2-update.win32_1.5.0.202011040924/tools/bin/../lib/gcc/arm-none-eabi/7.3.1/thumb/v6-m/crtn.o
                0x0000000020009000                _estack = (ORIGIN (RAM) + LENGTH (RAM))
                0x0000000000000200                _Min_Heap_Size = 0x200
                0x0000000000000400                _Min_Stack_Size = 0x400

.isr_vector     0x0000000008000000       0xbc
                0x0000000008000000                . = ALIGN (0x4)
 *(.isr_vector)
 .isr_vector    0x0000000008000000       0xbc Core/Startup/startup_stm32g071cbtx.o
                0x0000000008000000                g_pfnVectors
                0x00000000080000bc                . = ALIGN (0x4)

.text           0x00000000080000bc     0x2bc4
                0x00000000080000bc                . = ALIGN (0x4)
 *(.text)
 .text          0x00000000080000bc       0x48 c:/st/stm32cubeide_1.3.0/stm32cubeide/plugins/com.st.stm32cube.ide.mcu.externaltools.gnu-tools-for-stm32.7-2018-q2-update.win32_1.5.0.202011040924/tools/bin/../lib/gcc/arm-none-eabi/7.3.1/thumb/v6-m/crtbegin.o
 .text          0x0000000008000104      0x114 c:/st/stm32cubeide_1.3.0/stm32cubeide/plugins/com.st.stm32cube.ide.mcu.externaltools.gnu-tools-for-stm32.7-2018-q2-update.win32_1.5.0.202011040924/tools/bin/../lib/gcc/arm-none-eabi/7.3.1/thumb/v6-m\libgcc.a(_udivsi3.o)
                0x0000000008000104                __aeabi_uidiv
                0x0000000008000104                __udivsi3
                0x0000000008000210                __aeabi_uidivmod
 .text          0x0000000008000218      0x1d4 c:/st/stm32cubeide_1.3.0/stm32cubeide/plugins/com.st.stm32cube.ide.mcu.externaltools.gnu-tools-for-stm32.7-2018-q2-update.win32_1.5.0.202011040924/tools/bin/../lib/gcc/arm-none-eabi/7.3.1/thumb/v6-m\libgcc.a(_divsi3.o)
                0x0000000008000218                __divsi3
                0x0000000008000218                __aeabi_idiv
                0x00000000080003e4                __aeabi_idivmod
 .text          0x00000000080003ec        0x4 c:/st/stm32cubeide_1.3.0/stm32cubeide/plugins/com.st.stm32cube.ide.mcu.externaltools.gnu-tools-for-stm32.7-2018-q2-update.win32_1.5.0.202011040924/tools/bin/../lib/gcc/arm-none-eabi/7.3.1/thumb/v6-m\libgcc.a(_dvmd_tls.o)
                0x00000000080003ec                __aeabi_idiv0
                0x00000000080003ec                __aeabi_ldiv0
 *(.text*)
 .text.menuInputService
                0x00000000080003f0      0x184 Core/Src/clk_menu.o
                0x00000000080003f0                menuInputService
 .text.selectTime
                0x0000000008000574      0x1aa Core/Src/clk_menu.o
                0x0000000008000574                selectTime
 *fill*         0x000000000800071e        0x2 
 .text.displayMenu
                0x0000000008000720      0x160 Core/Src/clk_menu.o
                0x0000000008000720                displayMenu
 .text.displayConfig
                0x0000000008000880      0x150 Core/Src/clk_menu.o
                0x0000000008000880                displayConfig
 .text.displayAlarm
                0x00000000080009d0       0x10 Core/Src/clk_menu.o
                0x00000000080009d0                displayAlarm
 .text.displayStudy
                0x00000000080009e0       0x10 Core/Src/clk_menu.o
                0x00000000080009e0                displayStudy
 .text.decToBcd
                0x00000000080009f0       0x3c Core/Src/clk_menu.o
                0x00000000080009f0                decToBcd
 .text.setTime  0x0000000008000a2c       0xd0 Core/Src/clock.o
                0x0000000008000a2c                setTime
 .text.setDate  0x0000000008000afc      0x100 Core/Src/clock.o
                0x0000000008000afc                setDate
 .text.TIM16_IRQHandler
                0x0000000008000bfc      0x128 Core/Src/clock.o
                0x0000000008000bfc                TIM16_IRQHandler
 .text.__NVIC_EnableIRQ
                0x0000000008000d24       0x34 Core/Src/config.o
 .text.SystemCFG
                0x0000000008000d58      0x4a4 Core/Src/config.o
                0x0000000008000d58                SystemCFG
 .text.delay_ms
                0x00000000080011fc       0x40 Core/Src/config.o
                0x00000000080011fc                delay_ms
 .text.TIM14_IRQHandler
                0x000000000800123c       0x48 Core/Src/config.o
                0x000000000800123c                TIM14_IRQHandler
 .text.EXTI4_15_IRQHandler
                0x0000000008001284       0x74 Core/Src/config.o
                0x0000000008001284                EXTI4_15_IRQHandler
 .text.main     0x00000000080012f8      0x238 Core/Src/main.o
                0x00000000080012f8                main
 .text.DisplayNumberSet
                0x0000000008001530       0x92 Core/Src/segment_dsp.o
                0x0000000008001530                DisplayNumberSet
 .text.DisplayLEDStr
                0x00000000080015c2       0x4e Core/Src/segment_dsp.o
                0x00000000080015c2                DisplayLEDStr
 .text.ScrollLed
                0x0000000008001610      0x244 Core/Src/segment_dsp.o
                0x0000000008001610                ScrollLed
 .text.displayChar
                0x0000000008001854      0x404 Core/Src/segment_dsp.o
                0x0000000008001854                displayChar
 .text.setDigit
                0x0000000008001c58      0x124 Core/Src/segment_dsp.o
                0x0000000008001c58                setDigit
 .text.LEDClr   0x0000000008001d7c       0x3a Core/Src/segment_dsp.o
                0x0000000008001d7c                LEDClr
 *fill*         0x0000000008001db6        0x2 
 .text.TIM15_IRQHandler
                0x0000000008001db8       0xd8 Core/Src/segment_dsp.o
                0x0000000008001db8                TIM15_IRQHandler
 .text.SystemInit
                0x0000000008001e90       0x18 Core/Src/system_stm32g0xx.o
                0x0000000008001e90                SystemInit
 .text.FillLEDNumber
                0x0000000008001ea8      0x4d4 Core/Src/ws_lib.o
                0x0000000008001ea8                FillLEDNumber
 .text.FillLEDArray
                0x000000000800237c       0xdc Core/Src/ws_lib.o
                0x000000000800237c                FillLEDArray
 .text.FillLEDSegment
                0x0000000008002458       0xec Core/Src/ws_lib.o
                0x0000000008002458                FillLEDSegment
 .text.getBaseLed
                0x0000000008002544      0x118 Core/Src/ws_lib.o
                0x0000000008002544                getBaseLed
 .text.getBaseColour
                0x000000000800265c       0x74 Core/Src/ws_lib.o
                0x000000000800265c                getBaseColour
 .text.SPI_SEND_WSBUF
                0x00000000080026d0       0x50 Core/Src/ws_lib.o
                0x00000000080026d0                SPI_SEND_WSBUF
 .text.SpiLed_Send
                0x0000000008002720       0x2c Core/Src/ws_lib.o
                0x0000000008002720                SpiLed_Send
 .text.assignColour
                0x000000000800274c      0x310 Core/Src/ws_lib.o
                0x000000000800274c                assignColour
 .text.ADCCompress
                0x0000000008002a5c      0x120 Core/Src/ws_lib.o
                0x0000000008002a5c                ADCCompress
 .text.ADC1_COMP_IRQHandler
                0x0000000008002b7c       0x40 Core/Src/ws_lib.o
                0x0000000008002b7c                ADC1_COMP_IRQHandler
 .text.Reset_Handler
                0x0000000008002bbc       0x50 Core/Startup/startup_stm32g071cbtx.o
                0x0000000008002bbc                Reset_Handler
 .text.Default_Handler
                0x0000000008002c0c        0x2 Core/Startup/startup_stm32g071cbtx.o
                0x0000000008002c0c                USART3_4_LPUART1_IRQHandler
                0x0000000008002c0c                TIM1_CC_IRQHandler
                0x0000000008002c0c                HardFault_Handler
                0x0000000008002c0c                SysTick_Handler
                0x0000000008002c0c                PVD_IRQHandler
                0x0000000008002c0c                PendSV_Handler
                0x0000000008002c0c                NMI_Handler
                0x0000000008002c0c                I2C1_IRQHandler
                0x0000000008002c0c                TIM7_LPTIM2_IRQHandler
                0x0000000008002c0c                RTC_TAMP_IRQHandler
                0x0000000008002c0c                SPI1_IRQHandler
                0x0000000008002c0c                EXTI2_3_IRQHandler
                0x0000000008002c0c                I2C2_IRQHandler
                0x0000000008002c0c                TIM17_IRQHandler
                0x0000000008002c0c                TIM3_IRQHandler
                0x0000000008002c0c                RCC_IRQHandler
                0x0000000008002c0c                DMA1_Channel1_IRQHandler
                0x0000000008002c0c                Default_Handler
                0x0000000008002c0c                CEC_IRQHandler
                0x0000000008002c0c                EXTI0_1_IRQHandler
                0x0000000008002c0c                SPI2_IRQHandler
                0x0000000008002c0c                SVC_Handler
                0x0000000008002c0c                TIM6_DAC_LPTIM1_IRQHandler
                0x0000000008002c0c                WWDG_IRQHandler
                0x0000000008002c0c                TIM2_IRQHandler
                0x0000000008002c0c                DMA1_Ch4_7_DMAMUX1_OVR_IRQHandler
                0x0000000008002c0c                DMA1_Channel2_3_IRQHandler
                0x0000000008002c0c                UCPD1_2_IRQHandler
                0x0000000008002c0c                USART2_IRQHandler
                0x0000000008002c0c                FLASH_IRQHandler
                0x0000000008002c0c                USART1_IRQHandler
                0x0000000008002c0c                TIM1_BRK_UP_TRG_COM_IRQHandler
 *fill*         0x0000000008002c0e        0x2 
 .text.__libc_init_array
                0x0000000008002c10       0x48 c:/st/stm32cubeide_1.3.0/stm32cubeide/plugins/com.st.stm32cube.ide.mcu.externaltools.gnu-tools-for-stm32.7-2018-q2-update.win32_1.5.0.202011040924/tools/bin/../lib/gcc/arm-none-eabi/7.3.1/../../../../arm-none-eabi/lib/thumb/v6-m\libc_nano.a(lib_a-init.o)
                0x0000000008002c10                __libc_init_array
 .text.memset   0x0000000008002c58       0x10 c:/st/stm32cubeide_1.3.0/stm32cubeide/plugins/com.st.stm32cube.ide.mcu.externaltools.gnu-tools-for-stm32.7-2018-q2-update.win32_1.5.0.202011040924/tools/bin/../lib/gcc/arm-none-eabi/7.3.1/../../../../arm-none-eabi/lib/thumb/v6-m\libc_nano.a(lib_a-memset.o)
                0x0000000008002c58                memset
 *(.glue_7)
 .glue_7        0x0000000008002c68        0x0 linker stubs
 *(.glue_7t)
 .glue_7t       0x0000000008002c68        0x0 linker stubs
 *(.eh_frame)
 .eh_frame      0x0000000008002c68        0x0 c:/st/stm32cubeide_1.3.0/stm32cubeide/plugins/com.st.stm32cube.ide.mcu.externaltools.gnu-tools-for-stm32.7-2018-q2-update.win32_1.5.0.202011040924/tools/bin/../lib/gcc/arm-none-eabi/7.3.1/thumb/v6-m/crtbegin.o
 *(.init)
 .init          0x0000000008002c68        0x4 c:/st/stm32cubeide_1.3.0/stm32cubeide/plugins/com.st.stm32cube.ide.mcu.externaltools.gnu-tools-for-stm32.7-2018-q2-update.win32_1.5.0.202011040924/tools/bin/../lib/gcc/arm-none-eabi/7.3.1/thumb/v6-m/crti.o
                0x0000000008002c68                _init
 .init          0x0000000008002c6c        0x8 c:/st/stm32cubeide_1.3.0/stm32cubeide/plugins/com.st.stm32cube.ide.mcu.externaltools.gnu-tools-for-stm32.7-2018-q2-update.win32_1.5.0.202011040924/tools/bin/../lib/gcc/arm-none-eabi/7.3.1/thumb/v6-m/crtn.o
 *(.fini)
 .fini          0x0000000008002c74        0x4 c:/st/stm32cubeide_1.3.0/stm32cubeide/plugins/com.st.stm32cube.ide.mcu.externaltools.gnu-tools-for-stm32.7-2018-q2-update.win32_1.5.0.202011040924/tools/bin/../lib/gcc/arm-none-eabi/7.3.1/thumb/v6-m/crti.o
                0x0000000008002c74                _fini
 .fini          0x0000000008002c78        0x8 c:/st/stm32cubeide_1.3.0/stm32cubeide/plugins/com.st.stm32cube.ide.mcu.externaltools.gnu-tools-for-stm32.7-2018-q2-update.win32_1.5.0.202011040924/tools/bin/../lib/gcc/arm-none-eabi/7.3.1/thumb/v6-m/crtn.o
                0x0000000008002c80                . = ALIGN (0x4)
                0x0000000008002c80                _etext = .

.vfp11_veneer   0x0000000008002c80        0x0
 .vfp11_veneer  0x0000000008002c80        0x0 linker stubs

.v4_bx          0x0000000008002c80        0x0
 .v4_bx         0x0000000008002c80        0x0 linker stubs

.iplt           0x0000000008002c80        0x0
 .iplt          0x0000000008002c80        0x0 c:/st/stm32cubeide_1.3.0/stm32cubeide/plugins/com.st.stm32cube.ide.mcu.externaltools.gnu-tools-for-stm32.7-2018-q2-update.win32_1.5.0.202011040924/tools/bin/../lib/gcc/arm-none-eabi/7.3.1/thumb/v6-m/crtbegin.o

.rodata         0x0000000008002c80       0x84
                0x0000000008002c80                . = ALIGN (0x4)
 *(.rodata)
 .rodata        0x0000000008002c80       0x36 Core/Src/clk_menu.o
 *fill*         0x0000000008002cb6        0x2 
 .rodata        0x0000000008002cb8        0xa Core/Src/main.o
 *(.rodata*)
 *fill*         0x0000000008002cc2        0x2 
 .rodata.setDigit
                0x0000000008002cc4       0x18 Core/Src/segment_dsp.o
 .rodata.FillLEDNumber
                0x0000000008002cdc       0x28 Core/Src/ws_lib.o
                0x0000000008002d04                . = ALIGN (0x4)

.rel.dyn        0x0000000008002d04        0x0
 .rel.iplt      0x0000000008002d04        0x0 c:/st/stm32cubeide_1.3.0/stm32cubeide/plugins/com.st.stm32cube.ide.mcu.externaltools.gnu-tools-for-stm32.7-2018-q2-update.win32_1.5.0.202011040924/tools/bin/../lib/gcc/arm-none-eabi/7.3.1/thumb/v6-m/crtbegin.o

.ARM.extab      0x0000000008002d04        0x0
                0x0000000008002d04                . = ALIGN (0x4)
 *(.ARM.extab* .gnu.linkonce.armextab.*)
                0x0000000008002d04                . = ALIGN (0x4)

.ARM            0x0000000008002d04        0x0
                0x0000000008002d04                . = ALIGN (0x4)
                0x0000000008002d04                __exidx_start = .
 *(.ARM.exidx*)
                0x0000000008002d04                __exidx_end = .
                0x0000000008002d04                . = ALIGN (0x4)

.preinit_array  0x0000000008002d04        0x0
                0x0000000008002d04                . = ALIGN (0x4)
                0x0000000008002d04                PROVIDE (__preinit_array_start = .)
 *(.preinit_array*)
                0x0000000008002d04                PROVIDE (__preinit_array_end = .)
                0x0000000008002d04                . = ALIGN (0x4)

.init_array     0x0000000008002d04        0x4
                0x0000000008002d04                . = ALIGN (0x4)
                0x0000000008002d04                PROVIDE (__init_array_start = .)
 *(SORT_BY_NAME(.init_array.*))
 *(.init_array*)
 .init_array    0x0000000008002d04        0x4 c:/st/stm32cubeide_1.3.0/stm32cubeide/plugins/com.st.stm32cube.ide.mcu.externaltools.gnu-tools-for-stm32.7-2018-q2-update.win32_1.5.0.202011040924/tools/bin/../lib/gcc/arm-none-eabi/7.3.1/thumb/v6-m/crtbegin.o
                0x0000000008002d08                PROVIDE (__init_array_end = .)
                0x0000000008002d08                . = ALIGN (0x4)

.fini_array     0x0000000008002d08        0x4
                0x0000000008002d08                . = ALIGN (0x4)
                [!provide]                        PROVIDE (__fini_array_start = .)
 *(SORT_BY_NAME(.fini_array.*))
 *(.fini_array*)
 .fini_array    0x0000000008002d08        0x4 c:/st/stm32cubeide_1.3.0/stm32cubeide/plugins/com.st.stm32cube.ide.mcu.externaltools.gnu-tools-for-stm32.7-2018-q2-update.win32_1.5.0.202011040924/tools/bin/../lib/gcc/arm-none-eabi/7.3.1/thumb/v6-m/crtbegin.o
                [!provide]                        PROVIDE (__fini_array_end = .)
                0x0000000008002d0c                . = ALIGN (0x4)
                0x0000000008002d0c                _sidata = LOADADDR (.data)

.data           0x0000000020000000       0x1c load address 0x0000000008002d0c
                0x0000000020000000                . = ALIGN (0x4)
                0x0000000020000000                _sdata = .
 *(.data)
 *(.data*)
 .data.main_options
                0x0000000020000000       0x10 Core/Src/clk_menu.o
                0x0000000020000000                main_options
 .data.config_options
                0x0000000020000010        0x8 Core/Src/clk_menu.o
                0x0000000020000010                config_options
 .data.brg_div  0x0000000020000018        0x1 Core/Src/ws_lib.o
                0x0000000020000018                brg_div
                0x000000002000001c                . = ALIGN (0x4)
 *fill*         0x0000000020000019        0x3 
                0x000000002000001c                _edata = .

.igot.plt       0x000000002000001c        0x0 load address 0x0000000008002d28
 .igot.plt      0x000000002000001c        0x0 c:/st/stm32cubeide_1.3.0/stm32cubeide/plugins/com.st.stm32cube.ide.mcu.externaltools.gnu-tools-for-stm32.7-2018-q2-update.win32_1.5.0.202011040924/tools/bin/../lib/gcc/arm-none-eabi/7.3.1/thumb/v6-m/crtbegin.o
                0x000000002000001c                . = ALIGN (0x4)

.bss            0x000000002000001c      0x574 load address 0x0000000008002d28
                0x000000002000001c                _sbss = .
                0x000000002000001c                __bss_start__ = _sbss
 *(.bss)
 .bss           0x000000002000001c       0x1c c:/st/stm32cubeide_1.3.0/stm32cubeide/plugins/com.st.stm32cube.ide.mcu.externaltools.gnu-tools-for-stm32.7-2018-q2-update.win32_1.5.0.202011040924/tools/bin/../lib/gcc/arm-none-eabi/7.3.1/thumb/v6-m/crtbegin.o
 *(.bss*)
 .bss.dot_enable
                0x0000000020000038        0x6 Core/Src/segment_dsp.o
                0x0000000020000038                dot_enable
 .bss.pos.6170  0x000000002000003e        0x1 Core/Src/segment_dsp.o
 *(COMMON)
 *fill*         0x000000002000003f        0x1 
 COMMON         0x0000000020000040      0x52a Core/Src/clk_menu.o
                0x0000000020000040                led_dsp
                0x000000002000004c                day_t
                0x000000002000004d                year_u
                0x000000002000004e                minute_t
                0x000000002000004f                hour_u
                0x0000000020000050                button_flag
                0x0000000020000053                day_u
                0x0000000020000054                minute_u
                0x0000000020000055                d_flag
                0x0000000020000056                year_t
                0x0000000020000057                month_u
                0x0000000020000058                LED_buf
                0x0000000020000568                hour_t
                0x0000000020000569                month_t
 *fill*         0x000000002000056a        0x2 
 COMMON         0x000000002000056c       0x24 Core/Src/ws_lib.o
                0x000000002000056c                ADC_result
                0x0000000020000570                b_led
                0x0000000020000588                b_colour
                0x0000000020000590                . = ALIGN (0x4)
                0x0000000020000590                _ebss = .
                0x0000000020000590                __bss_end__ = _ebss

._user_heap_stack
                0x0000000020000590      0x600 load address 0x0000000008002d28
                0x0000000020000590                . = ALIGN (0x8)
                0x0000000020000590                PROVIDE (end = .)
                [!provide]                        PROVIDE (_end = .)
                0x0000000020000790                . = (. + _Min_Heap_Size)
 *fill*         0x0000000020000590      0x200 
                0x0000000020000b90                . = (. + _Min_Stack_Size)
 *fill*         0x0000000020000790      0x400 
                0x0000000020000b90                . = ALIGN (0x8)

/DISCARD/
 libc.a(*)
 libm.a(*)
 libgcc.a(*)

.ARM.attributes
                0x0000000000000000       0x28
 *(.ARM.attributes)
 .ARM.attributes
                0x0000000000000000       0x1e c:/st/stm32cubeide_1.3.0/stm32cubeide/plugins/com.st.stm32cube.ide.mcu.externaltools.gnu-tools-for-stm32.7-2018-q2-update.win32_1.5.0.202011040924/tools/bin/../lib/gcc/arm-none-eabi/7.3.1/thumb/v6-m/crti.o
 .ARM.attributes
                0x000000000000001e       0x2c c:/st/stm32cubeide_1.3.0/stm32cubeide/plugins/com.st.stm32cube.ide.mcu.externaltools.gnu-tools-for-stm32.7-2018-q2-update.win32_1.5.0.202011040924/tools/bin/../lib/gcc/arm-none-eabi/7.3.1/thumb/v6-m/crtbegin.o
 .ARM.attributes
                0x000000000000004a       0x32 Core/Src/clk_menu.o
 .ARM.attributes
                0x000000000000007c       0x32 Core/Src/clock.o
 .ARM.attributes
                0x00000000000000ae       0x32 Core/Src/config.o
 .ARM.attributes
                0x00000000000000e0       0x32 Core/Src/main.o
 .ARM.attributes
                0x0000000000000112       0x32 Core/Src/segment_dsp.o
 .ARM.attributes
                0x0000000000000144       0x32 Core/Src/system_stm32g0xx.o
 .ARM.attributes
                0x0000000000000176       0x32 Core/Src/ws_lib.o
 .ARM.attributes
                0x00000000000001a8       0x21 Core/Startup/startup_stm32g071cbtx.o
 .ARM.attributes
                0x00000000000001c9       0x2c c:/st/stm32cubeide_1.3.0/stm32cubeide/plugins/com.st.stm32cube.ide.mcu.externaltools.gnu-tools-for-stm32.7-2018-q2-update.win32_1.5.0.202011040924/tools/bin/../lib/gcc/arm-none-eabi/7.3.1/../../../../arm-none-eabi/lib/thumb/v6-m\libc_nano.a(lib_a-init.o)
 .ARM.attributes
                0x00000000000001f5       0x2c c:/st/stm32cubeide_1.3.0/stm32cubeide/plugins/com.st.stm32cube.ide.mcu.externaltools.gnu-tools-for-stm32.7-2018-q2-update.win32_1.5.0.202011040924/tools/bin/../lib/gcc/arm-none-eabi/7.3.1/../../../../arm-none-eabi/lib/thumb/v6-m\libc_nano.a(lib_a-memset.o)
 .ARM.attributes
                0x0000000000000221       0x1e c:/st/stm32cubeide_1.3.0/stm32cubeide/plugins/com.st.stm32cube.ide.mcu.externaltools.gnu-tools-for-stm32.7-2018-q2-update.win32_1.5.0.202011040924/tools/bin/../lib/gcc/arm-none-eabi/7.3.1/thumb/v6-m\libgcc.a(_udivsi3.o)
 .ARM.attributes
                0x000000000000023f       0x1e c:/st/stm32cubeide_1.3.0/stm32cubeide/plugins/com.st.stm32cube.ide.mcu.externaltools.gnu-tools-for-stm32.7-2018-q2-update.win32_1.5.0.202011040924/tools/bin/../lib/gcc/arm-none-eabi/7.3.1/thumb/v6-m\libgcc.a(_divsi3.o)
 .ARM.attributes
                0x000000000000025d       0x1e c:/st/stm32cubeide_1.3.0/stm32cubeide/plugins/com.st.stm32cube.ide.mcu.externaltools.gnu-tools-for-stm32.7-2018-q2-update.win32_1.5.0.202011040924/tools/bin/../lib/gcc/arm-none-eabi/7.3.1/thumb/v6-m\libgcc.a(_dvmd_tls.o)
 .ARM.attributes
                0x000000000000027b       0x1e c:/st/stm32cubeide_1.3.0/stm32cubeide/plugins/com.st.stm32cube.ide.mcu.externaltools.gnu-tools-for-stm32.7-2018-q2-update.win32_1.5.0.202011040924/tools/bin/../lib/gcc/arm-none-eabi/7.3.1/thumb/v6-m/crtn.o
OUTPUT(CelClock_2021.elf elf32-littlearm)

.debug_info     0x0000000000000000     0x634b
 .debug_info    0x0000000000000000      0xdf9 Core/Src/clk_menu.o
 .debug_info    0x0000000000000df9      0xe24 Core/Src/clock.o
 .debug_info    0x0000000000001c1d     0x16da Core/Src/config.o
 .debug_info    0x00000000000032f7      0xd13 Core/Src/main.o
 .debug_info    0x000000000000400a      0xfcd Core/Src/segment_dsp.o
 .debug_info    0x0000000000004fd7      0x37c Core/Src/system_stm32g0xx.o
 .debug_info    0x0000000000005353      0xfd6 Core/Src/ws_lib.o
 .debug_info    0x0000000000006329       0x22 Core/Startup/startup_stm32g071cbtx.o

.debug_abbrev   0x0000000000000000      0xe2d
 .debug_abbrev  0x0000000000000000      0x23d Core/Src/clk_menu.o
 .debug_abbrev  0x000000000000023d      0x1f2 Core/Src/clock.o
 .debug_abbrev  0x000000000000042f      0x267 Core/Src/config.o
 .debug_abbrev  0x0000000000000696      0x1d8 Core/Src/main.o
 .debug_abbrev  0x000000000000086e      0x25e Core/Src/segment_dsp.o
 .debug_abbrev  0x0000000000000acc      0x100 Core/Src/system_stm32g0xx.o
 .debug_abbrev  0x0000000000000bcc      0x24f Core/Src/ws_lib.o
 .debug_abbrev  0x0000000000000e1b       0x12 Core/Startup/startup_stm32g071cbtx.o

.debug_aranges  0x0000000000000000      0x1f0
 .debug_aranges
                0x0000000000000000       0x50 Core/Src/clk_menu.o
 .debug_aranges
                0x0000000000000050       0x30 Core/Src/clock.o
 .debug_aranges
                0x0000000000000080       0x40 Core/Src/config.o
 .debug_aranges
                0x00000000000000c0       0x20 Core/Src/main.o
 .debug_aranges
                0x00000000000000e0       0x50 Core/Src/segment_dsp.o
 .debug_aranges
                0x0000000000000130       0x28 Core/Src/system_stm32g0xx.o
 .debug_aranges
                0x0000000000000158       0x70 Core/Src/ws_lib.o
 .debug_aranges
                0x00000000000001c8       0x28 Core/Startup/startup_stm32g071cbtx.o

.debug_ranges   0x0000000000000000      0x178
 .debug_ranges  0x0000000000000000       0x40 Core/Src/clk_menu.o
 .debug_ranges  0x0000000000000040       0x20 Core/Src/clock.o
 .debug_ranges  0x0000000000000060       0x30 Core/Src/config.o
 .debug_ranges  0x0000000000000090       0x10 Core/Src/main.o
 .debug_ranges  0x00000000000000a0       0x40 Core/Src/segment_dsp.o
 .debug_ranges  0x00000000000000e0       0x18 Core/Src/system_stm32g0xx.o
 .debug_ranges  0x00000000000000f8       0x60 Core/Src/ws_lib.o
 .debug_ranges  0x0000000000000158       0x20 Core/Startup/startup_stm32g071cbtx.o

.debug_macro    0x0000000000000000     0xfd8e
 .debug_macro   0x0000000000000000      0x26f Core/Src/clk_menu.o
 .debug_macro   0x000000000000026f      0xa48 Core/Src/clk_menu.o
 .debug_macro   0x0000000000000cb7       0x22 Core/Src/clk_menu.o
 .debug_macro   0x0000000000000cd9       0x40 Core/Src/clk_menu.o
 .debug_macro   0x0000000000000d19       0x18 Core/Src/clk_menu.o
 .debug_macro   0x0000000000000d31       0x94 Core/Src/clk_menu.o
 .debug_macro   0x0000000000000dc5       0x3c Core/Src/clk_menu.o
 .debug_macro   0x0000000000000e01       0x34 Core/Src/clk_menu.o
 .debug_macro   0x0000000000000e35       0x16 Core/Src/clk_menu.o
 .debug_macro   0x0000000000000e4b       0x57 Core/Src/clk_menu.o
 .debug_macro   0x0000000000000ea2       0x97 Core/Src/clk_menu.o
 .debug_macro   0x0000000000000f39      0x330 Core/Src/clk_menu.o
 .debug_macro   0x0000000000001269       0xfd Core/Src/clk_menu.o
 .debug_macro   0x0000000000001366       0x10 Core/Src/clk_menu.o
 .debug_macro   0x0000000000001376       0x52 Core/Src/clk_menu.o
 .debug_macro   0x00000000000013c8       0x1f Core/Src/clk_menu.o
 .debug_macro   0x00000000000013e7       0x43 Core/Src/clk_menu.o
 .debug_macro   0x000000000000142a       0x20 Core/Src/clk_menu.o
 .debug_macro   0x000000000000144a      0x1a3 Core/Src/clk_menu.o
 .debug_macro   0x00000000000015ed       0x10 Core/Src/clk_menu.o
 .debug_macro   0x00000000000015fd       0x6a Core/Src/clk_menu.o
 .debug_macro   0x0000000000001667       0x1c Core/Src/clk_menu.o
 .debug_macro   0x0000000000001683       0x52 Core/Src/clk_menu.o
 .debug_macro   0x00000000000016d5       0x40 Core/Src/clk_menu.o
 .debug_macro   0x0000000000001715       0x10 Core/Src/clk_menu.o
 .debug_macro   0x0000000000001725       0x40 Core/Src/clk_menu.o
 .debug_macro   0x0000000000001765       0xd7 Core/Src/clk_menu.o
 .debug_macro   0x000000000000183c       0x1c Core/Src/clk_menu.o
 .debug_macro   0x0000000000001858       0x3d Core/Src/clk_menu.o
 .debug_macro   0x0000000000001895       0x16 Core/Src/clk_menu.o
 .debug_macro   0x00000000000018ab      0x145 Core/Src/clk_menu.o
 .debug_macro   0x00000000000019f0       0x16 Core/Src/clk_menu.o
 .debug_macro   0x0000000000001a06       0x35 Core/Src/clk_menu.o
 .debug_macro   0x0000000000001a3b       0x20 Core/Src/clk_menu.o
 .debug_macro   0x0000000000001a5b       0x28 Core/Src/clk_menu.o
 .debug_macro   0x0000000000001a83       0xef Core/Src/clk_menu.o
 .debug_macro   0x0000000000001b72      0x1df Core/Src/clk_menu.o
 .debug_macro   0x0000000000001d51       0x1c Core/Src/clk_menu.o
 .debug_macro   0x0000000000001d6d       0x22 Core/Src/clk_menu.o
 .debug_macro   0x0000000000001d8f       0xaf Core/Src/clk_menu.o
 .debug_macro   0x0000000000001e3e      0x4da Core/Src/clk_menu.o
 .debug_macro   0x0000000000002318      0x11f Core/Src/clk_menu.o
 .debug_macro   0x0000000000002437     0xc54d Core/Src/clk_menu.o
 .debug_macro   0x000000000000e984       0x28 Core/Src/clk_menu.o
 .debug_macro   0x000000000000e9ac       0x76 Core/Src/clk_menu.o
 .debug_macro   0x000000000000ea22       0x1c Core/Src/clk_menu.o
 .debug_macro   0x000000000000ea3e      0x27b Core/Src/clock.o
 .debug_macro   0x000000000000ecb9       0x70 Core/Src/clock.o
 .debug_macro   0x000000000000ed29      0x26f Core/Src/config.o
 .debug_macro   0x000000000000ef98       0x22 Core/Src/config.o
 .debug_macro   0x000000000000efba      0x28b Core/Src/main.o
 .debug_macro   0x000000000000f245       0x8e Core/Src/main.o
 .debug_macro   0x000000000000f2d3       0x51 Core/Src/main.o
 .debug_macro   0x000000000000f324       0xb5 Core/Src/main.o
 .debug_macro   0x000000000000f3d9       0x46 Core/Src/main.o
 .debug_macro   0x000000000000f41f      0x32a Core/Src/main.o
 .debug_macro   0x000000000000f749      0x295 Core/Src/segment_dsp.o
 .debug_macro   0x000000000000f9de       0xe1 Core/Src/system_stm32g0xx.o
 .debug_macro   0x000000000000fabf       0x2e Core/Src/system_stm32g0xx.o
 .debug_macro   0x000000000000faed       0x3c Core/Src/system_stm32g0xx.o
 .debug_macro   0x000000000000fb29      0x265 Core/Src/ws_lib.o

.debug_line     0x0000000000000000     0x3565
 .debug_line    0x0000000000000000      0x804 Core/Src/clk_menu.o
 .debug_line    0x0000000000000804      0x731 Core/Src/clock.o
 .debug_line    0x0000000000000f35      0x78e Core/Src/config.o
 .debug_line    0x00000000000016c3      0x6cd Core/Src/main.o
 .debug_line    0x0000000000001d90      0x8f3 Core/Src/segment_dsp.o
 .debug_line    0x0000000000002683      0x48b Core/Src/system_stm32g0xx.o
 .debug_line    0x0000000000002b0e      0x9ce Core/Src/ws_lib.o
 .debug_line    0x00000000000034dc       0x89 Core/Startup/startup_stm32g071cbtx.o

.debug_str      0x0000000000000000    0x53574
 .debug_str     0x0000000000000000    0x527f6 Core/Src/clk_menu.o
                                      0x52a8f (size before relaxing)
 .debug_str     0x00000000000527f6      0x150 Core/Src/clock.o
                                      0x529d4 (size before relaxing)
 .debug_str     0x0000000000052946      0x4ad Core/Src/config.o
                                      0x52e0a (size before relaxing)
 .debug_str     0x0000000000052df3       0x54 Core/Src/main.o
                                      0x5297f (size before relaxing)
 .debug_str     0x0000000000052e47      0x255 Core/Src/segment_dsp.o
                                      0x529d8 (size before relaxing)
 .debug_str     0x000000000005309c      0x3ac Core/Src/system_stm32g0xx.o
                                      0x4e632 (size before relaxing)
 .debug_str     0x0000000000053448       0xf6 Core/Src/ws_lib.o
                                      0x529df (size before relaxing)
 .debug_str     0x000000000005353e       0x36 Core/Startup/startup_stm32g071cbtx.o
                                         0x73 (size before relaxing)

.comment        0x0000000000000000       0x7b
 .comment       0x0000000000000000       0x7b Core/Src/clk_menu.o
                                         0x7c (size before relaxing)
 .comment       0x000000000000007b       0x7c Core/Src/clock.o
 .comment       0x000000000000007b       0x7c Core/Src/config.o
 .comment       0x000000000000007b       0x7c Core/Src/main.o
 .comment       0x000000000000007b       0x7c Core/Src/segment_dsp.o
 .comment       0x000000000000007b       0x7c Core/Src/system_stm32g0xx.o
 .comment       0x000000000000007b       0x7c Core/Src/ws_lib.o

.debug_frame    0x0000000000000000      0x584
 .debug_frame   0x0000000000000000       0xf4 Core/Src/clk_menu.o
 .debug_frame   0x00000000000000f4       0x74 Core/Src/clock.o
 .debug_frame   0x0000000000000168       0xa8 Core/Src/config.o
 .debug_frame   0x0000000000000210       0x34 Core/Src/main.o
 .debug_frame   0x0000000000000244       0xf0 Core/Src/segment_dsp.o
 .debug_frame   0x0000000000000334       0x4c Core/Src/system_stm32g0xx.o
 .debug_frame   0x0000000000000380      0x178 Core/Src/ws_lib.o
 .debug_frame   0x00000000000004f8       0x2c c:/st/stm32cubeide_1.3.0/stm32cubeide/plugins/com.st.stm32cube.ide.mcu.externaltools.gnu-tools-for-stm32.7-2018-q2-update.win32_1.5.0.202011040924/tools/bin/../lib/gcc/arm-none-eabi/7.3.1/../../../../arm-none-eabi/lib/thumb/v6-m\libc_nano.a(lib_a-init.o)
 .debug_frame   0x0000000000000524       0x20 c:/st/stm32cubeide_1.3.0/stm32cubeide/plugins/com.st.stm32cube.ide.mcu.externaltools.gnu-tools-for-stm32.7-2018-q2-update.win32_1.5.0.202011040924/tools/bin/../lib/gcc/arm-none-eabi/7.3.1/../../../../arm-none-eabi/lib/thumb/v6-m\libc_nano.a(lib_a-memset.o)
 .debug_frame   0x0000000000000544       0x20 c:/st/stm32cubeide_1.3.0/stm32cubeide/plugins/com.st.stm32cube.ide.mcu.externaltools.gnu-tools-for-stm32.7-2018-q2-update.win32_1.5.0.202011040924/tools/bin/../lib/gcc/arm-none-eabi/7.3.1/thumb/v6-m\libgcc.a(_udivsi3.o)
 .debug_frame   0x0000000000000564       0x20 c:/st/stm32cubeide_1.3.0/stm32cubeide/plugins/com.st.stm32cube.ide.mcu.externaltools.gnu-tools-for-stm32.7-2018-q2-update.win32_1.5.0.202011040924/tools/bin/../lib/gcc/arm-none-eabi/7.3.1/thumb/v6-m\libgcc.a(_divsi3.o)
